[    0.000000] Initializing cgroup subsys cpuset
[    0.000000] Initializing cgroup subsys cpu
[    0.000000] Initializing cgroup subsys cpuacct
[    0.000000] Linux version 4.4.0-116-generic (buildd@lgw01-amd64-021) (gcc version 5.4.0 20160609 (Ubuntu 5.4.0-6ubuntu1~16.04.9) ) #140-Ubuntu SMP Mon Feb 12 21:23:04 UTC 2018 (Ubuntu 4.4.0-116.140-generic 4.4.98)
[    0.000000] Command line: BOOT_IMAGE=/boot/vmlinuz-4.4.0-116-generic root=LABEL=cloudimg-rootfs ro console=tty1 console=ttyS0
[    0.000000] KERNEL suprted cpus:
[    0.000000]   Intel GenuineIntel
[    0.000000]   AMD AuthenticAMD
[    0.000000]   Centaur CentaurHauls
[    0.000000] x86/fpu: xstate_offset[2]:  576, xstate_sizes[2]:  256
[    0.000000] x86/fpu: Supporting XSAVE feature 0x01: 'x87 floating point registers'
[    0.000000] x86/fpu: Supporting XSAVE feature 0x02: 'SSE registers'
[    0.000000] x86/fpu: Supporting XSAVE feature 0x04: 'AVX registers'
[    0.000000] x86/fpu: Enabled xstate features 0x7, context size is 832 bytes, using 'standard' format.
[    0.000000] x86/fpu: Using 'lazy' FPU context switches.
[    0.000000] e820: BIOS-provided physical RAM map:
[    0.000000] BIOS-e820: [mem 0x0000000000000000-0x000000000009fbff] usable
[    0.000000] BIOS-e820: [mem 0x000000000009fc00-0x000000000009ffff] reserved
[    0.000000] BIOS-e820: [mem 0x00000000000f0000-0x00000000000fffff] reserved
[    0.000000] BIOS-e820: [mem 0x0000000000100000-0x000000007ffeffff] usable
[    0.000000] BIOS-e820: [mem 0x000000007fff0000-0x000000007fffffff] ACPI data
[    0.000000] BIOS-e820: [mem 0x00000000fec00000-0x00000000fec00fff] reserved
[    0.000000] BIOS-e820: [mem 0x00000000fee00000-0x00000000fee00fff] reserved
[    0.000000] BIOS-e820: [mem 0x00000000fffc0000-0x00000000ffffffff] reserved
[    0.000000] NX (Execute Disable) protection: active
[    0.000000] SMBIOS 2.5 present.
[    0.000000] Hypervisor detected: KVM
[    0.000000] e820: last_pfn = 0x7fff0 max_arch_pfn = 0x400000000
[    0.000000] MTRR: Disabled
[    0.000000] x86/PAT: MTRRs disabled, skipping PAT initialization too.
[    0.000000] CPU MTRRs all blank - virtualized system.
[    0.000000] x86/PAT: Configuration [0-7]: WB  WT  UC- UC  WB  WT  UC- UC  
[    0.000000] found SMP MP-table at [mem 0x0009fff0-0x0009ffff] mapped at [ffff88000009fff0]
[    0.000000] Scanning 1 areas for low memory corruption
[    0.000000] RAMDISK: [mem 0x36aaa000-0x3754cfff]
[    0.000000] ACPI: Early table checksum verification disabled
[    0.000000] ACPI: RSDP 0x00000000000E0000 000024 (v02 VBOX  )
[    0.000000] ACPI: XSDT 0x000000007FFF0030 00003C (v01 VBOX   VBOXXSDT 00000001 ASL  00000061)
[    0.000000] ACPI: FACP 0x000000007FFF00F0 0000F4 (v04 VBOX   VBOXFACP 00000001 ASL  00000061)
[    0.000000] ACPI: DSDT 0x000000007FFF0470 0021C8 (v02 VBOX   VBOXBIOS 00000002 INTL 20100528)
[    0.000000] ACPI: FACS 0x000000007FFF0200 000040
[    0.000000] ACPI: FACS 0x000000007FFF0200 000040
[    0.000000] ACPI: APIC 0x000000007FFF0240 00005C (v02 VBOX   VBOXAPIC 00000001 ASL  00000061)
[    0.000000] ACPI: SSDT 0x000000007FFF02A0 0001CC (v01 VBOX   VBOXCPUT 00000002 INTL 20100528)
[    0.000000] No NUMA configuration found
[    0.000000] Faking a node at [mem 0x0000000000000000-0x000000007ffeffff]
[    0.000000] NODE_DATA(0) allocated [mem 0x7ffeb000-0x7ffeffff]
[    0.000000] kvm-clock: Using msrs 4b564d01 and 4b564d00
[    0.000000] kvm-clock: cpu 0, msr 0:7ffe3001, primary cpu clock
[    0.000000] kvm-clock: using sched offset of 3076480451 cycles
[    0.000000] clocksource: kvm-clock: mask: 0xffffffffffffffff max_cycles: 0x1cd42e4dffb, max_idle_ns: 881590591483 ns
[    0.000000] Zone ranges:
[    0.000000]   DMA      [mem 0x0000000000001000-0x0000000000ffffff]
[    0.000000]   DMA32    [mem 0x0000000001000000-0x000000007ffeffff]
[    0.000000]   Normal   empty
[    0.000000]   Device   empty
[    0.000000] Movable zone start for each node
[    0.000000] Early memory node ranges
[    0.000000]   node   0: [mem 0x0000000000001000-0x000000000009efff]
[    0.000000]   node   0: [mem 0x0000000000100000-0x000000007ffeffff]
[    0.000000] Initmem setup node 0 [mem 0x0000000000001000-0x000000007ffeffff]
[    0.000000] ACPI: PM-Timer IO Port: 0x4008
[    0.000000] IOAPIC[0]: apic_id 2, version 32, address 0xfec00000, GSI 0-23
[    0.000000] ACPI: INT_SRC_OVR (bus 0 bus_irq 0 global_irq 2 dfl dfl)
[    0.000000] ACPI: INT_SRC_OVR (bus 0 bus_irq 9 global_irq 9 high level)
[    0.000000] Using ACPI (MADT) for SMP configuration information
[    0.000000] smpboot: Allowing 2 CPUs, 0 hotplug CPUs
[    0.000000] PM: Registered nosave memory: [mem 0x00000000-0x00000fff]
[    0.000000] PM: Registered nosave memory: [mem 0x0009f000-0x0009ffff]
[    0.000000] PM: Registered nosave memory: [mem 0x000a0000-0x000effff]
[    0.000000] PM: Registered nosave memory: [mem 0x000f0000-0x000fffff]
[    0.000000] e820: [mem 0x80000000-0xfebfffff] available for PCI devices
[    0.000000] Booting paravirtualized kernel on KVM
[    0.000000] clocksource: refined-jiffies: mask: 0xffffffff max_cycles: 0xffffffff, max_idle_ns: 7645519600211568 ns
[    0.000000] setup_percpu: NR_CPUS:512 nr_cpumask_bits:512 nr_cpu_ids:2 nr_node_ids:1
[    0.000000] PERCPU: Embedded 34 pages/cpu @ffff88007fc00000 s99544 r8192 d31528 u1048576
[    0.000000] PV qspinlock hash table entries: 256 (order: 0, 4096 bytes)
[    0.000000] Built 1 zonelists in Node order, mobility grouping on.  Total pages: 515961
[    0.000000] Policy zone: DMA32
[    0.000000] Kernel command line: BOOT_IMAGE=/boot/vmlinuz-4.4.0-116-generic root=LABEL=cloudimg-rootfs ro console=tty1 console=ttyS0
[    0.000000] PID hash table entries: 4096 (order: 3, 32768 bytes)
[    0.000000] Memory: 2033832K/2096696K available (8530K kernel code, 1309K rwdata, 3992K rodata, 1508K init, 1316K bss, 62864K reserved, 0K cma-reserved)
[    0.000000] SLUB: HWalign=64, Order=0-3, MinObjects=0, CPUs=2, Nodes=1
[    0.000000] Kernel/User page tables isolation: enabled
[    0.000000] Hierarchical RCU implementation.
[    0.000000] 	Build-time adjustment of leaf fanout to 64.
[    0.000000] 	RCU restricting CPUs from NR_CPUS=512 to nr_cpu_ids=2.
[    0.000000] RCU: Adjusting geometry for rcu_fanout_leaf=64, nr_cpu_ids=2
[    0.000000] NR_IRQS:33024 nr_irqs:440 16
[    0.000000] Console: colour VGA+ 80x25
[    0.000000] console [tty1] enabled
[    0.000000] console [ttyS0] enabled
[    0.000000] tsc: Detected 2394.566 MHz processor
[    7.427957] Calibrating delay loop (skipped) preset value.. 4789.13 BogoMIPS (lpj=9578264)
[    7.429595] pid_max: default: 32768 minimum: 301
[    7.430426] ACPI: Core revision 20150930
[    7.444869] ACPI: 2 ACPI AML tables successfully acquired and loaded
[    7.446128] Security Framework initialized
[    7.446925] Yama: becoming mindful.
[    7.481739] AppArmor: AppArmor initialized
[    7.552628] Dentry cache hash table entries: 262144 (order: 9, 2097152 bytes)
[    7.617236] Inode-cache hash table entries: 131072 (order: 8, 1048576 bytes)
[    7.684608] Mount-cache hash table entries: 4096 (order: 3, 32768 bytes)
[    7.700443] Mountpoint-cache hash table entries: 4096 (order: 3, 32768 bytes)
[    7.722423] Initializing cgroup subsys io
[    7.723210] Initializing cgroup subsys memory
[    7.744255] Initializing cgroup subsys devices
[    7.822467] Iializing cgroup subsys freezer
[    7.980839] Initializing cgroup subsys net_cls
[    8.084882] Initializing cgroup subsys perf_event
[    8.187526] Initializing cgroup subsys net_prio
[    8.286253] Initializing cgroup subsys hugetlb
[    8.378178] Initializing cgroup subsys pids
[    8.474089] CPU: Physical Processor ID: 0
[    8.565227] CPU: Processor Core ID: 0
[    8.653208] FEATURE SPEC_CTRL Not Present
[    8.666230] mce: CPU supports 0 MCE banks
[    8.671178] Last level iTLB entries: 4KB 512, 2MB 8, 4MB 8
[    8.672188] Last level dTLB entries: 4KB 512, 2MB 32, 4MB 32, 1GB 0
[    8.673271] Spectre V2 mitigation: Mitigation: Full generic retpoline
[    8.752033] Spectre V2 mitigation: Speculation control IBPB not-supported IBRS not-supported
[    8.851390] Freeing SMP alternatives memory: 32K
[    8.872214] ftrace: allocating 32186 entries in 126 pages
[    8.948154] smpboot: APIC(0) Converting physical 0 to logical package 0
[    9.114562] smpboot: Max logical packages: 1
[    9.209657] x2apic enabled
[    9.285306] Switched APIC routing to physical x2apic.
[    9.414715] ..TIMER: vector=0x30 apic1=0 pin1=2 apic2=-1 pin2=-1
[    9.676110] smpboot: CPU0: Intel(R) Core(TM) i7-3630QM CPU @ 2.40GHz (family: 0x6, model: 0x3a, stepping: 0x9)
[    9.826922] Performance Events: unsupported p6 CPU model 58 no PMU driver, software events only.
[    9.906127] KVM setup paravirtual spinlock
[    9.908025] x86: Booting SMP configuration:
[    9.979478] .... node  #0, CPUs:      #1
[   10.023439] kvm-clock: cpu 1, msr 0:7ffe3041, secondary cpu clock
[   10.095059] mce: CPU supports 0 MCE banks
[   10.145326] x86: Booted up 1 node, 2 CPUs
[   10.246453] smpboot: Total of 2 processors activated (9578.26 BogoMIPS)
[   10.428503] devtmpfs: initialized
[   10.507930] evm: security.selinux
[   10.565783] evm: security.SMACK64
[   10.642175] evm: security.SMACK64EXEC
[   10.728211] evm: security.SMACK64TRANSMUTE
[   10.810270] evm: security.SMACK64MMAP
[   10.822192] evm: security.ima
[   10.822845] evm: security.capability
[   10.823824] clocksource: jiffies: mask: 0xffffffff max_cycles: 0xffffffff, max_idle_ns: 7645041785100000 ns
[   10.919084] futex hash table entries: 512 (order: 3, 32768 bytes)
[   11.044914] pinctrl core: initialized pinctrl subsystem
[   11.170013] RTC time: 19:26:17, date: 05/31/19
[   11.274512] NET: Registered protocol family 16
[   11.397257] cpuidle: using governor ladder
[   11.518464] cpuidle: using governor menu
[   11.609656] PCCT header not found.
[   11.618795] ACPI: bus type PCI registered
[   11.644977] acpiphp: ACPI Hot Plug PCI Controller Driver version: 0.5
[   11.776913] PCI: Using configuration type 1 for base access
[   11.887519] ACPI: Added _OSI(Module Device)
[   11.994837] ACPI: Added _OSI(Processor Device)
[   12.114746] ACPI: Added _OSI(3.0 _SCP Extensions)
[   12.254636] ACPI: Added _OSI(Processor Aggregator Device)
[   12.330800] ACPI: Executed 1 blocks of module-level executable AML code
[   12.333977] ACPI: Interpreter enabled
[   12.351329] ACPI: (supports S0 S5)
[   12.445146] ACPI: Using IOAPIC for interrupt routing
[   12.583972] PCI: Using host bridge windows from ACPI; if necessary, use "pci=nocrs" and report a bug
[   12.783367] ACPI: PCI Root Bridge [PCI0] (domain 0000 [bus 00-ff])
[   12.821929] acpi PNP0A03:00: _OSC: OS supports [ASPM ClockPM Segments MSI]
[   12.823201] acpi PNP0A03:00: _OSC failed (AE_NOT_FOUND); disabling ASPM
[   12.851194] acpi PNP0A03:00: fail to add MMCONFIG information, can't access extended PCI configuration space under this bridge.
[   12.853505] PCI host bridge to bus 0000:00
[   12.854363] pci_bus 0000:00: root bus resource [io  0x0000-0x0cf7 window]
[   12.892016] pci_bus 0000:00: root bus resource [io  0x0d00-0xffff window]
[   12.913874] pci_bus 0000:00: root bus resource [mem 0x000a0000-0x000bffff window]
[   12.994045] pci_bus 0000:00: root bus resource [mem 0x80000000-0xffdfffff window]
[   13.207712] pci_bus 0000:00: root bus resource [bus 00-ff]
[   13.351902] pci 0000:00:01.1: legacy IDE quirk: reg 0x10: [io  0x01f0-0x01f7]
[   13.542743] pci 0000:00:01.1: legacy IDE quirk: reg 0x14: [io  0x03f6]
[   13.713869] pci 0000:00:01.1: legacy IDE quirk: reg 0x18: [io  0x0170-0x0177]
[   13.889643] pci 0000:00:01.1: legacy IDE quirk: reg 0x1c: [io  0x0376]
[   14.052512] pci 0000:00:07.0: quirk: [io  0x4000-0x403f] claimed by PIIX4 ACPI
[   14.228004] pci 0000:00:07.0: quirk: [io  0x4100-0x410f] claimed by PIIX4 SMB
[   14.403524] ACPI: PCI Interrupt Link [LNKA] (IRQs 5 9 10 *11)
[   14.547107] ACPI: PCI Interrupt Link [LNKB] (IRQs 5 9 10 *11)
[   14.699467] ACPI: PCI Interrupt Link [LNKC] (IRQs 5 9 *10 11)
[   14.844245] ACPI: PCI Interrupt Link [LNKD] (IRQs 5 *9 10 11)
[   14.953653] ACPI: Enabled 2 GPEs in block 00 to 07
[   14.992459] vgaarb: setting as boot device: PCI:0000:00:02.0
[   15.004155] vgaarb: device added: PCI:0000:00:02.0,decodes=io+mem,owns=io+mem,locks=none
[   15.239744] vgaarb: loaded
[   15.312035] vgaarb: bridge control possible 0000:00:02.0
[   15.435520] SCSI subsystem initialized
[   15.525404] ACPI: bus type USB registered
[   15.634763] usbcore: registered new interface driver usbfs
[   15.766150] usbcore: registered new interface driver hub
[   15.767162] usbcore: registered new device driver usb
[   15.768386] PCI: Using ACPI for IRQ routing
[   15.878808] NetLabel: Initializing
[   15.965472] NetLabel:  domain hash size = 128
[   16.046957] NetLabel:  protocols = UNLABELED CIPSOv4
[   16.049021] NetLabel:  unlabeled traffic allowed by default
[   16.077475] amd_nb: Cannot enumerate AMD northbridges
[   16.226922] clocksource: Switched to clocksource kvm-clock
[   16.386384] AppArmor: AppArmor Filesystem Enabled
[   16.552880] pnp: PnP ACPI init
[   16.648385] pnp: PnP ACPI: found 3 devices
[   16.778093] clocksource: acpi_pm: mask: 0xffffff max_cycles: 0xffffff, max_idle_ns: 2085701024 ns
[   17.055561] NET: Registered protocol family 2
[   17.056921] TCP established hash table entries: 16384 (order: 5, 131072 bytes)
[   17.086706] TCP bind hash table entries: 16384 (order: 6, 262144 bytes)
[   17.088393] TCP: Hash tables configured (established 16384 bind 16384)
[   17.089983] UDP hash table entries: 1024 (order: 3, 32768 bytes)
[   17.091485] UDP-Lite hash table entries: 1024 (order: 3, 32768 bytes)
[   17.092875] NET: Registered protocol family 1
[   17.093762] pci 0000:00:00.0: Limiting direct PCI/PCI transfers
[   17.094832] pci 0000:00:01.0: Activating ISA DMA hang workarounds
[   17.096108] Unpacking initramfs...
[   18.788894] Freeing initrd memory: 10892K
[   18.905322] RAPL PMU detected, API unit is 2^-32 Joules, 3 fixed counters 10737418240 ms ovfl timer
[   19.175433] hw unit of domain pp0-core 2^-0 Joules
[   19.288423] hw unit of domain package 2^-0 Joules
[   19.410675] hw unit of domain pp1-gpu 2^-0 Joules
[   19.531043] platform rtc_cmos: registered platform RTC device (no PNP device found)
[   19.752516] Scanning for low memory corruption every 60 seconds
[   19.951144] audit: initializing netlink subsys (disabled)
[   20.118595] audit: type=2000 audit(1559330774.861:1): initialized
[   20.239846] Initialise system trusted keyring
[   20.282668] HugeTLB registered 2 MB page size, pre-allocated 0 pages
[   20.312359] zbud: loaded
[   20.313300] VFS: Disk quotas dquot_6.6.0
[   20.314095] VFS: Dquot-cache hash table entries: 512 (order 0, 4096 bytes)
[   20.317457] squashfs: version 4.0 (2009/01/31) Phillip Lougher
[   20.318771] fuse init (API version 7.23)
[   20.319677] Key type big_key registered
[   20.320473] Allocating IMA MOK and blacklist keyrings.
[   20.324367] Key type asymmetric registered
[   20.325194] Asymmetric key parser 'x509' registered
[   20.326150] Block layer SCSI generic (bsg) driver version 0.4 loaded (major 249)
[   20.458836] io scheduler noop registered
[   20.531722] tsc: Refined TSC clocksource calibration: 2396.101 MHz
[   20.531724] clocksource: tsc: mask: 0xffffffffffffffff max_cycles: 0x2289d40db58, max_idle_ns: 440795204675 ns
[   20.867640] io scheduler deadline registered (default)
[   20.913793] io scheduler cfq registered
[   20.914653] pci_hotplug: PCI Hot Plug PCI Core version: 0.5
[   20.951443] pciehp: PCI Express Hot Plug Controller Driver version: 0.4
[   21.063048] ACPI: AC Adapter [AC] (on-line)
[   21.118817] input: Power Button as /devices/LNXSYSTM:00/LNXPWRBN:00/input/input0
[   21.120311] ACPI: Power Button [PWRF]
[   21.121127] input: Sleep Button as /devices/LNXSYSTM:00/LNXSLPBN:00/input/input1
[   21.122557] ACPI: Sleep Button [SLPF]
[   21.124201] ACPI: Battery Slot [BAT0] (battery present)
[   21.125194] GHES: HEST is not enabled!
[   21.231075] Serial: 8250/16550 driver, 32 ports, IRQ sharing enabled
[   21.297732] 00:02: ttyS0 at I/O 0x3f8 (irq = 4, base_baud = 115200) is a 16550A
[   21.312342] Linux agpgart interface v0.103
[   21.379041] loop: module loaded
[   21.436491] scsi host0: ata_piix
[   21.493884] scsi host1: ata_piix
[   21.555251] ata1: PATA max UDMA/33 cmd 0x1f0 ctl 0x3f6 bmdma 0xd000 irq 14
[   21.728146] ata2: PATA max UDMA/33 cmd 0x170 ctl 0x376 bmdma 0xd008 irq 15
[   21.859308] libphy: Fixed MDIO Bus: probed
[   21.912211] tun: Universal TUN/TAP device driver, 1.6
[   21.928900] tun: (C) 1999-2004 Max Krasnyansky <maxk@qualcomm.com>
[   21.930065] PPP generic driver version 2.4.2
[   21.930950] ehci_hcd: USB 2.0 'Enhanced' Host Controller (EHCI) Driver
[   21.937839] ehci-pci: EHCI PCI platform driver
[   21.938687] ehci-platform: EHCI generic platform driver
[   21.994100] ohci_hcd: USB 1.1 'Open' Host Controller (OHCI) Driver
[   22.087013] ohci-pci: OHCI PCI platform driver
[   22.108775] ohci-platform: OHCI generic platform driver
[   22.217385] uhci_hcd: USB Universal Host Controller Interface driver
[   22.309622] i8042: PNP: PS/2 Controller [PNP0303:PS2K,PNP0f03:PS2M] at 0x60,0x64 irq 1,12
[   22.311770] serio: i8042 KBD port at 0x60,0x64 irq 1
[   22.321427] serio: i8042 AUX port at 0x60,0x64 irq 12
[   22.322591] mousedev: PS/2 mouse device common for all mice
[   22.330757] rtc_cmos rtc_cmos: rtc core: registered rtc_cmos as rtc0
[   22.331975] rtc_cmos rtc_cmos: alarms up to one day, 114 bytes nvram
[   22.339952] input: AT Translated Set 2 keyboard as /devices/platform/i8042/serio0/input/input2
[   22.371645] i2c /dev entries driver
[   22.373761] device-mapper: uevent: version 1.0.3
[   22.374982] device-mapper: ioctl: 4.34.0-ioctl (2015-10-28) initialised: dm-devel@redhat.com
[   22.520384] ledtrig-cpu: registered to indicate activity on CPUs
[   22.658421] NET: Registered protocol family 10
[   22.757057] NET: Registered protocol family 17
[   22.759234] Key type dns_resolver registered
[   22.844032] microcode: CPU0 sig=0x306a9, pf=0x2, revision=0x19
[   22.846819] microcode: CPU1 sig=0x306a9, pf=0x2, revision=0x19
[   22.863109] microcode: Microcode Update Driver: v2.01 <tigran@aivazian.fsnet.co.uk>, Peter Oruba
[   22.864923] registered taskstats version 1
[   22.897731] Loading compiled-in X.509 certificates
[   22.997909] Loaded X.509 cert 'Build time autogenerated kernel key: aa84f01984fbd529c105810b59e379d349698248'
[   23.029997] zswap: loaded using pool lzo/zbud
[   23.033360] Key type trusted registered
[   23.052137] Key type encrypted registered
[   23.056887] AppArmor: AppArmor sha1 policy hashing enabled
[   23.057900] ima: No TPM chip found, activating TPM-bypass!
[   23.065245] evm: HMAC attrs: 0x1
[   23.066271]   Magic number: 3:714:446
[   23.067121] rtc_cmos rtc_cmos: setting system clock to 2019-05-31 19:26:29 UTC (1559330789)
[   23.084671] BIOS EDD facility v0.16 2004-Jun-25, 0 devices found
[   23.151661] EDD information not available.
[   23.212115] Freeing unused kernel memory: 1508K
[   23.235541] Write protecting the kernel read-only data: 14336k
[   23.237050] Freeing unused kernel memory: 1700K
[   23.240547] Freeing unused kernel memory: 104K
Loading, please wait...
starting version[   23.260403] random: systemd-udevd: uninitialized urandom read (16 bytes read, 3 bits of entropy available)
 229
[   23.261040] random: udevadm: uninitialized urandom read (16 bytes read, 3 bits of entropy available)
[   23.261062] random: udevadm: uninitialized urandom read (16 bytes read, 3 bits of entropy available)
[   23.273470] random: udevadm: uninitialized urandom read (16 bytes read, 3 bits of entropy available)
[   23.273519] random: udevadm: uninitialized urandom read (16 bytes read, 3 bits of entropy available)
[   23.273688] random: udevadm: uninitialized urandom read (16 bytes read, 3 bits of entropy available)
[   23.273753] random: udevadm: uninitialized urandom read (16 bytes read, 3 bits of entropy available)
[   23.273817] random: udevadm: uninitialized urandom read (16 bytes read, 3 bits of entropy available)
[   23.273884] random: udevadm: uninitialized urandom read (16 bytes read, 3 bits of entropy available)
[   23.273948] random: udevadm: uninitialized urandom read (16 bytes read, 3 bits of entropy available)
[   23.372274] Fusion MPT base driver 3.04.20
[   23.386651] Copyright (c) 1999-2008 LSI Corporation
[   23.388981] e1000: Intel(R) PRO/1000 Network Driver - version 7.3.21-k8-NAPI
[   23.392099] e1000: Copyright (c) 1999-2006 Intel Corporation.
[   23.412826] AVX version of gcm_enc/dec engaged.
[   23.415282] AES CTR mode by8 optimization enabled
[   23.420808] Fusion MPT SPI Host driver 3.04.20
[   23.616504] input: ImExPS/2 Generic Explorer Mouse as /devices/platform/i8042/serio1/input/input4
[   23.767509] e1000 0000:00:03.0 eth0: (PCI:33MHz:32-bit) 02:8e:6d:ef:3b:89
[   23.836350] e1000 0000:00:03.0 eth0: Intel(R) PRO/1000 Network Connection
[   24.195614] e1000 0000:00:08.0 eth1: (PCI:33MHz:32-bit) 08:00:27:b0:82:1c
[   24.349981] e1000 0000:00:08.0 eth1: Intel(R) PRO/1000 Network Connection
[   24.464197] e1000 0000:00:03.0 enp0s3: renamed from eth0
[   24.498644] mptbase: ioc0: Initiating bringup
[   24.519305] e1000 0000:00:08.0 enp0s8: renamed from eth1
[   24.699470] ioc0: LSI53C1030 A0: Capabilities={Initiator}
[   25.043035] scsi host2: ioc0: LSI53C1030 A0, FwRev=00000000h, Ports=1, MaxQ=256, IRQ=20
[   25.448373] scsi 2:0:0:0: Direct-Access     VBOX     HARDDISK         1.0  PQ: 0 ANSI: 5
[   25.520319] scsi target2:0:0: Beginning Domain Validation
[   25.640476] scsi target2:0:0: Domain Validation skipping write tests
[   25.830376] scsi target2:0:0: Ending Domain Validation
[   25.924416] scsi target2:0:0: asynchronous
[   25.925959] scsi 2:0:1:0: Direct-Access     VBOX     HARDDISK         1.0  PQ: 0 ANSI: 5
[   25.927492] scsi target2:0:1: Beginning Domain Validation
[   25.967063] scsi target2:0:1: Domain Validation skipping write tests
[   26.149435] scsi target2:0:1: Ending Domain Validation
[   26.301963] scsi target2:0:1: asynchronous
[   26.421328] floppy0: no floppy controllers found
[   26.448561] sd 2:0:0:0: Attached scsi generic sg0 type 0
[   26.561013] sd 2:0:0:0: [sda] 20971520 512-byte logical blocks: (10.7 GB/10.0 GiB)
[   26.561236] sd 2:0:1:0: Attached scsi generic sg1 type 0
[   26.582191] sd 2:0:1:0: [sdb] 20480 512-byte logical blocks: (10.5 MB/10.0 MiB)
[   26.582842] sd 2:0:0:0: [sda] Write Protect is off
[   26.582984] sd 2:0:0:0: [sda] Incomplete mode parameter data
[   26.582986] sd 2:0:0:0: [sda] Assuming drive cache: write through
[   26.675018]  sda: sda1
[   26.675599] sd 2:0:0:0: [sda] Attached SCSI disk
[   27.198017] sd 2:0:1:0: [sdb] Write Protect is off
[   27.327443] sd 2:0:1:0: [sdb] Incomplete mode parameter data
[   27.446389] sd 2:0:1:0: [sdb] Assuming drive cache: write through
[   27.592483] sd 2:0:1:0: [sdb] Attached SCSI disk
Begin: Loading e[   28.962914] md: linear personality registered for level -1
ssential drivers[   29.097299] md: multipath personality registered for level -4
 ... [   29.231087] md: raid0 personality registered for level 0
[   29.389679] md: raid1 personality registered for level 1
[   29.591078] raid6: sse2x1   gen()  8136 MB/s
[   29.759563] raid6: sse2x1   xor()  6637 MB/s
[   29.918952] raid6: sse2x2   gen() 10370 MB/s
[   30.115792] raid6: sse2x2   xor()  7473 MB/s
[   30.303490] raid6: sse2x4   gen() 11370 MB/s
[   30.507747] raid6: sse2x4   xor()  8883 MB/s
[   30.631406] raid6: using algorithm sse2x4 gen() 11370 MB/s
[   30.787624] raid6: .... xor() 8883 MB/s, rmw enabled
[   30.864954] raid6: using ssse3x2 recovery algorithm
[   30.974806] xor: automatically using best checksumming function:
[   31.027199]    avx       : 17989.000 MB/sec
[   31.049027] async_tx: api initialized (async)
[   31.058225] md: raid6 personality registered for level 6
[   31.068702] md: raid5 personality registered for level 5
[   31.078349] md: raid4 personality registered for level 4
[   31.205843] md: raid10 personality registered for level 10
done.
Begin: Running /scripts/init-p[   31.271337] Btrfs loaded
remount ... done.
Begin: Mounting root file system ... Begin: Running /scripts/local-top ... done.
Begin: Running /scripts/local-premount ... Scanning for Btrfs filesystems
done.
Warning: fsck not present, so skipping root file system
[   31.387962] EXT4-fs (sda1): mounted filesystem with ordered data mode. Opts: (null)
done.
Begin: Running /scripts/local-bottom ... done.
Begin: Running /scripts/init-bottom ... done.
[   31.524221] systemd[1]: systemd 229 running in system mode. (+PAM +AUDIT +SELINUX +IMA +APPARMOR +SMACK +SYSVINIT +UTMP +LIBCRYPTSETUP +GCRYPT +GNUTLS +ACL +XZ -LZ4 +SECCOMP +BLKID +ELFUTILS +KMOD -IDN)
[   31.880496] systemd[1]: Detected virtualization oracle.
[   32.040326] systemd[1]: Detected architecture x86-64.

Welcome to [1mUbuntu 16.04.4 LTS[0m!

[   32.216521] systemd[1]: Set hostname to <ubuntu>.
[   32.374107] systemd[1]: Initializing machine ID from random generator.
[   32.565187] systemd[1]: Installed transient /etc/machine-id file.
[   32.866572] systemd[1]: Started Trigger resolvconf update for networkd DNS.
[[0;32m  OK  [0m] Started Trigger resolvconf update for networkd DNS.
[   33.071724] systemd[1]: Listening on LVM2 metadata daemon socket.
[[0;32m  OK  [0m] Listening on LVM2 metadata daemon socket.
[   33.327452] systemd[1]: Listening on /dev/initctl Compatibility Named Pipe.
[[0;32m  OK  [0m] Listening on /dev/initctl Compatibility Named Pipe.
[   33.648100] systemd[1]: Created slice System Slice.
[[0;32m  OK  [0m] Created slice System Slice.
[   33.896091] systemd[1]: Started Forward Password Requests to Wall Directory Watch.
[[0;32m  OK  [0m] Started Forward Password Requests to Wall Directory Watch.
[   33.978739] systemd[1]: Created slice system-serial\x2dgetty.slice.
[[0;32m  OK  [0m] Created slice system-serial\x2dgetty.slice.
[   34.014033] systemd[1]: Listening on Journal Audit Socket.
[[0;32m  OK  [0m] Listening on Journal Audit Socket.
[   34.172484] systemd[1]: Set up automount Arbitrary Executable File Formats File System Automount Point.
[[0;32m  OK  [0m] Set up automount Arbitrary Executab...ats File System Automount Point.
[   34.599788] systemd[1]: Listening on udev Control Socket.
[[0;32m  OK  [0m] Listening on udev Control Socket.
[   34.827120] systemd[1]: Reached target Swap.
[[0;32m  OK  [0m] Reached target Swap.
[   34.993372] systemd[1]: Listening on udev Kernel Socket.
[[0;32m  OK  [0m] Listening on udev Kernel Socket.
[   35.024626] systemd[1]: Listening on Journal Socket.
[[0;32m  OK  [0m] Listening on Journal Socket.
[   35.103823] systemd[1]: Mounting POSIX Message Queue File System...
         Mounting POSIX Message Queue File System...
[   35.331568] systemd[1]: Starting Uncomplicated firewall...
         Starting Uncomplicated firewall...
[   35.563338] systemd[1]: Mounting Huge Pages File System...
         Mounting Huge Pages File System...
[   35.708618] systemd[1]: Starting Create list of required static device nodes for the current kernel...
         [   35.711435] random: nonblocking pool is initialized
Starting Create list of required st... nodes for the current kernel...
[   35.735072] systemd[1]: Starting Remount Root and Kernel File Systems...
         [   35.745192] EXT4-fs (sda1): re-mounted. Opts: (null)
Starting Remount Root and Kernel File Systems...
[   35.992038] systemd[1]: Starting Nameserver information manager...
         Starting Nameserver information manager...
[   36.128463] systemd[1]: Listening on Syslog Socket.
[[0;32m  OK  [0m] Listening on Syslog Socket.
[   36.182155] systemd[1]: Starting Set console keymap...
         Starting Set console keymap...
[   36.191238] systemd[1]: Listening on LVM2 poll daemon socket.
[[0;32m  OK  [0m] Listening on LVM2 poll daemon socket.
[   36.196570] systemd[1]: Listening on Device-mapper event daemon FIFOs.
[[0;32m  OK  [0m] Listening on Device-mapper event daemon FIFOs.
[   36.201077] systemd[1]: Mounting Debug File System...
         Mounting Debug File System...
[   36.204092] systemd[1]: Starting Monitoring of LVM2 mirrors, snapshots etc. using dmeventd or progress polling...
         Starting Monitoring of LVM2 mirrors... dmeventd or progress polling...
[   36.209051] systemd[1]: Listening on Journal Socket (/dev/log).
[[0;32m  OK  [0m] Listening on Journal Socket (/dev/log).
[   36.220214] systemd[1]: Starting Journal Service...
         Starting Journal Service...
[   36.239122] systemd[1]: Reached target Encrypted Volumes.
[[0;32m  OK  [0m] Reached target Encrypted Volumes.
[   36.252062] systemd[1]: Reached target User and Group Name Lookups.
[[0;32m  OK  [0m] Reached target User and Group Name Lookups.
[   36.437004] systemd[1]: Created slice User and Session Slice.
[[0;32m  OK  [0m] Created slice User and Session Slice.
[   36.695455] systemd[1]: Starting Load Kernel Modules...
         [   36.844498] Loading iSCSI transport class v2.0-870.
Starting Load Kernel Modules...
[   36.893175] systemd[1]: Reached target Slices.
[[0;32m  OK  [0m] Reached target Slices.
[   36.903968] systemd[1]: Mounted Debug File System.
[   36.929759] iscsi: registered transport (tcp)
[[0;32m  OK  [0m] Mounted Debug File System.
[   36.990602] systemd[1]: Mounted Huge Pages File System.
[[0;32m  OK  [0m] Mounted Huge Pages File System.
[   37.006946] systemd[1]: Mounted POSIX Message Queue File System.
[[0;32m  OK  [0m] Mounted POSIX[   37.015333] iscsi: registered transport (iser)
 Message Queue File System.
[   37.091674] systemd[1]: Started Journal Service.
[[0;32m  OK  [0m] Started Journal Service.
[[0;32m  OK  [0m] Started Uncomplicated firewall.
[[0;32m  OK  [0m] Started Create list of required sta...ce nodes for the current kernel.
[[0;32m  OK  [0m] Started Remount Root and Kernel File Systems.
[[0;32m  OK  [0m] Started Set console keymap.
[[0;32m  OK  [0m] Started Load Kernel Modules.
[[0;32m  OK  [0m] Started Nameserver information manager.
[[0;32m  OK  [0m] Started LVM2 metadata daemon.
         Starting Apply Kernel Variables...
         Mounting FUSE Control File System...
         Starting Initial cloud-init job (pre-networking)...
         Starting udev Coldplug all Devices...
         Starting Load/Save Random Seed...
         Starting Create Static Device Nodes in /dev...
         Starting Flush Journal to Persistent Storage...
[[0;32m  OK  [0m] Mounted FUSE Control File System.
[[0;32m  OK  [0m] Started Monitoring of LVM2 mirrors,...ng dmeventd or progress polling.
[[0;32m  OK  [0m] Started Apply Kernel Variables.
[[0;32m  OK  [0m] Started Load/Save Random Seed.
[[0;32m  OK  [0m] Started Create Static Device Nodes in /dev.
[[0;32m  OK  [0m] Started udev Coldplug all Devices.
[[0;32m  OK  [0m] Started Flush Journal to Persistent Storage.
[   23.049579] cloud-init[454]: Cloud-init v. 17.2 running 'init-local' at Fri, 31 May 2019 19:26:44 +0000. Up 22.80 seconds.
         Starting udev Kernel Device Manager...
[[0;32m  OK  [0m] Started udev Kernel Device Manager.
[[0;32m  OK  [0m] Started Initial cloud-init job (pre-networking).
[[0;32m  OK  [0m] Reached target Network (Pre).
[[0;32m  OK  [0m] Reached target Local File Systems (Pre).
[[0;32m  OK  [0m] Reached target Local File Systems.
         Starting Set console font and keymap...
         Starting Tell Plymouth To Write Out Runtime Data...
         Starting Create Volatile Files and Directories...
         Starting Commit a transient machine-id on disk...
         Starting LSB: AppArmor initialization...
[[0;32m  OK  [0m] Started Dispatch Password Requests to Console Directory Watch.
[[0;32m  OK  [0m] Started Tell Plymouth To Write Out Runtime Data.
[[0;32m  OK  [0m] Started Create Volatile Files and Directories.
[[0;32m  OK  [0m] Started Commit a transient machine-id on disk.
[[0;32m  OK  [0m] Found device /dev/ttyS0.
[[0;32m  OK  [0m] Listening on Load/Save RF Kill Switch Status /dev/rfkill Watch.
         Starting Update UTMP about System Boot/Shutdown...
[[0;32m  OK  [0m] Reached target System Time Synchronized.
[[0;32m  OK  [0m] Started Set console font and keymap.
[[0;32m  OK  [0m] Started LSB: AppArmor initialization.
[[0;32m  OK  [0m] Started Update UTMP about System Boot/Shutdown.
[[0;32m  OK  [0m] Started ifup for enp0s3.
         Starting Raise network interfaces...
[[0;32m  OK  [0m] Created slice system-getty.slice.
[[0;32m  OK  [0m] Started Raise network interfaces.
         Starting Initial cloud-init job (metadata service crawler)...
[[0;32m  OK  [0m] Reached target Network.
[   27.408900] cloud-init[978]: Cloud-init v. 17.2 running 'init' at Fri, 31 May 2019 19:26:48 +0000. Up 26.72 seconds.
[   27.511687] [cloud-init[0;32m  OK  [0m[978]: ] ci-info: ++++++++++++++++++++++++++++++++++++++Net device info++++++++++++++++++++++++++++++++++++++Started Initial cloud-init job (metadata service crawler).

[   27.512048] cloud-init[978]: ci-info: +--------+-------+----------------------------+---------------+-------+-------------------+
[   27.613257] [cloud-init[0;32m  OK  [0m[978]: ] ci-info: | Device |   Up  |          Address           |      Mask     | Scope |     Hw-Address    |Reached target Network is Online.

[   27.613715] cloud-init[978]: ci-info: +--------+-------+----------------------------+---------------+-------+-------------------+
[   27.697298] cloud-init[978]: ci-info: | enp0s3 |  True |         10.0.2.15          | 255.255.255.0 |   .   | 02:8e:6d:ef:3b:89 |
[   27.716846]          cloud-initStarting iSCSI initiator daemon (iscsid)...[978]: 
ci-info: | enp0s3 |  True | fe80::8e:6dff:feef:3b89/64 |       .       |  link | 02:8e:6d:ef:3b:89 |
[   27.749117] [cloud-init[0;32m  OK  [0m[978]: ] ci-info: | enp0s8 | False |             .              |       .       |   .   | 08:00:27:b0:82:1c |Reached target Cloud-config availability.

[   27.749572] [cloud-init[0;32m  OK  [0m[978]: ] ci-info: |   lo   |  True |         127.0.0.1          |   255.0.0.0   |   .   |         .         |Reached target System Initialization.

[   28.025704] [[0;32m  OK  [0m] Listening on D-Bus System Message Bus Socket.
cloud-init[978]: ci-info: |   lo   |  True |          ::1/128           |       .       |  host |         .         |
[   28.064772] [cloud-init[0;32m  OK  [0m[978]: ] ci-info: +--------+-------+----------------------------+---------------+-------+-------------------+Started ACPI Events Check.

[[0;32m  OK  [0m] Reached target Paths.
[[0;32m  OK  [0m] Started Daily Cleanup of Temporary Directories.
[   28.065239] cloud-init[978]: ci-info: +++++++++++++++++++++++++++Route IPv4 info++++++++++++++++++++++++++++
[   28.341203] [cloud-init[0;32m  OK  [0m[978]: ] ci-info: +-------+-------------+----------+---------------+-----------+-------+Started Daily apt download activities.

[   28.341659] cloud-init[978]: ci-info: | Route | Destination | Gateway  |    Genmask    | Interface | Flags |
[   28.536742]          cloud-initStarting LXD - unix socket.[978]: 
ci-info: +-------+-------------+----------+---------------+-----------+-------+
[   28.541590] [cloud-init[0;32m  OK  [0m[978]: ] ci-info: |   0   |   0.0.0.0   | 10.0.2.2 |    0.0.0.0    |   enp0s3  |   UG  |Started Timer to automatically refresh installed snaps.

[   28.644563]          cloud-initStarting Socket activation for snappy daemon.[978]: 
ci-info: |   1   |   10.0.2.0  | 0.0.0.0  | 255.255.255.0 |   enp0s3  |   U   |
[   28.732500] [cloud-init[0;32m  OK  [0m[978]: ] ci-info: +-------+-------------+----------+---------------+-----------+-------+Listening on ACPID Listen Socket.

[   28.733320] [[0;32m  OK  [0m] Started Daily apt upgrade and clean activities.
cloud-init[978]: Generating public/private rsa key pair.
[   28.771353] [cloud-init[0;32m  OK  [0m[978]: ] Your identification has been saved in /etc/ssh/ssh_host_rsa_key.Reached target Timers.

[   28.772003] [[0;32m  OK  [0m] Listening on UUID daemon activation socket.
cloud-init[978]: Your public key has been saved in /etc/ssh/ssh_host_rsa_key.pub.
[   28.789580] [cloud-init[0;32m  OK  [0m[978]: ] The key fingerprint is:Listening on LXD - unix socket.

[   28.790286] [cloud-init[0;32m  OK  [0m[978]: ] SHA256:VEVuBZeVbEG5iwAW3WTSlP3lpugyhQG/1qyqlprO8PI root@ubuntu-xenialListening on Socket activation for snappy daemon.

[   28.823763] [[0;32m  OK  [0m] Started iSCSI initiator daemon (iscsid).
cloud-init[978]: The key's randomart image is:
[   28.842135]          cloud-initStarting Login to default iSCSI targets...[978]: 
+---[RSA 2048]----+
[   28.851072] [cloud-init[0;32m  OK  [0m[978]: ] |         .++O=B==|Reached target Sockets.

[   28.851499] [[0;32m  OK  [0m] Reached target Basic System.
cloud-init[978]: |        .+ oo*.*.|
[   28.942776] cloud-init[978]: |        oo. o ..+|
[   28.950795] cloud-init[978]: |       .  oo   .+|
[   28.967559] [cloud-init[0;32m  OK  [0m[978]: ] |        S  *...o.|Started ACPI event daemon.

[   28.968116] cloud-init[978]: |          + =... |
[   29.051515]          cloud-initStarting Apply the settings specified in cloud-config...[978]: 
|  .    . . +     |
[   29.097670]          cloud-initStarting LSB: MD monitoring daemon...[978]: 
|  .+ .o   + .    |
[   29.188976] [cloud-init[0;32m  OK  [0m[978]: ] |   +Eo.... o     |Started Unattended Upgrades Shutdown.

[   29.189438] cloud-init[978]: +----[SHA256]-----+
[   29.311390]          Starting Login Service...
cloud-init[978]: Generating public/private dsa key pair.
[   29.328299]          cloud-initStarting Pollinate to seed the pseudo random number generator...[978]: 
Your identification has been saved in /etc/ssh/ssh_host_dsa_key.
         Starting Accounts Service...
[   29.384901] cloud-init[978]: Your public key has been saved in /etc/ssh/ssh_host_dsa_key.pub.
[   29.389087] cloud-init[978]: The key fingerprint is:
[   29.394859] cloud-init[978]: SHA256:Y6MOZrKzFOaKac2cMUPlD/xKTEimrCX84TUkvl9n9IA root@ubuntu-xenial
[   29.398902] cloud-init[978]: The key's randomart image is:
[   29.412682]          cloud-initStarting Snappy daemon...[978]: 
+---[DSA 1024]----+
[   29.413276] cloud-init[978]: |                 |
[   29.424140]          cloud-initStarting LSB: Record successful boot for GRUB...[978]: 
|   + o           |
[   29.432070] cloud-init[978]: |o = B   .        |
[[0;32m  OK  [0m] Started Regular background program processing daemon.
[   29.432687] cloud-init[978]: |.+.= B E o       |[[0;32m  OK  [0m] Started D-Bus System Message Bus.

[   29.448335] cloud-init[978]: |.o* * = S o      |
[   29.453062] cloud-init[978]: |.o O o * = .     |
[   29.468399] cloud-init[978]: |  B @ + o        |
[   29.474395] cloud-init[978]: |.=.X =           |
[   29.482865] cloud-init[978]: |= oo  .          |
         Starting System Logging Service...
[[0;32m  OK  [0m] Started FUSE filesystem for LXC.
[[0;32m  OK  [0m] Started Deferred execution scheduler.
         Starting /etc/rc.local Compatibility...
[   29.498700] cloud-init[978]: +----[SHA256]-----+
         Starting LXD - container startup/shutdown...
[[0;32m  OK  [0m] Started System Logging Service.
[[0;32m  OK  [0m] Started Snappy daemon.
[[0;32m  OK  [0m] Started /etc/rc.local Compatibility.
[   29.556236] cloud-init[978]: Generating public/private ecdsa key pair.
[   29.614781] cloud-init[978]: Your identification has been saved in /etc/ssh/ssh_host_ecdsa_key.
[   29.634178] cloud-init[978]: Your public key has been saved in /etc/ssh/ssh_host_ecdsa_key.pub.
[   29.644789] cloud-init[978]: The key fingerprint is:
[   29.651899] cloud-init[978]: SHA256:CVoHVsgl2o/19+vGe1rEBBf/rz7GTWLCYPxCWlIXRTw root@ubuntu-xenial
[   29.658586] cloud-init[978]: The key's randomart image is:
[   29.658855] cloud-init[978]: +---[ECDSA 256]---+
[[0;32m  OK  [0m] Started LSB: MD monitoring daemon.
[   29.659052] cloud-init[978]: |     .++o   .=+.o|
[   29.665493] cloud-init[978]: |     +oo  . . Eo.|
[   29.665758] cloud-init[978]: |    . + oo .   .o|
[[0;32m  OK  [0m] Started LSB: Record successful boot for GRUB.
[   29.665899] cloud-init[978]: |     o *.o*    o.|
[   29.744877] cloud-init[978]: |    . . S*.+.   +|
[   29.745146] cloud-init[978]: |        . ..+.o.o|
[   29.745362] cloud-init[978]: |           . =.+o|
[   29.745552] cloud-init[978]: |              *+o|
[[0;32m  OK  [0m] Started LXD - container startup/shutdown.
[   29.745743] cloud-init[978]: |             =B= |
[   29.803392] cloud-init[978]: +----[SHA256]-----+
[   29.803913] cloud-init[978]: Generating public/private ed25519 key pair.
[   29.804337] cloud-init[978]: Your identification has been saved in /etc/ssh/ssh_host_ed25519_key.
[   29.804619] cloud-init[978]: Your public key has been saved in /etc/ssh/ssh_host_ed25519_key.pub.
[[0;32m  OK  [0m] Started Login to default iSCSI targets.
[   29.804765] cloud-init[978]: The key fingerprint is:
[   29.864803] cloud-init[978]: SHA256:45mWzgcp5smDK6oh2988oYlgOuauIWjw+ioSxsaSrAI root@ubuntu-xenial
[[   29.923636] cloud-init[978]: The key's randomart image is:
[   29.924097] cloud-init[978]: +--[ED25519 256]--+
[0;32m  OK  [0m] Started Login Service.
[   29.924244] cloud-init[978]: |                 |
[   29.982671] cloud-init[978]: |                 |
[   29.983648] cloud-init[978]: |                 |
[   30.005689] cloud-init[978]: |                 |
[   30.006002] cloud-init[978]: |=.      S.       |
[   30.006147] cloud-init[978]: |EO    +.o=       |
         Starting Authenticate and Authorize Users to Run Privileged Tasks...
[   30.006300] cloud-init[978]: |#+.. B +*.       |
[   30.033503] cloud-init[978]: |@Bo +o*+  .      |
[[0;32m  OK  [0m] Reached target Remote File Systems (Pre).
[   30.034046] cloud-init[978]: |^Booo.ooo.       |
[   30.046492] cloud-init[978]: +----[SHA256]-----+
[[0;32m  OK  [0m] Reached target Remote File Systems.[   30.048840] cloud-init[1082]: Generating locales (this might take a while)...

         Starting LSB: daemon to balance interrupts for SMP systems...
         Starting LSB: Set the CPU Frequency Scaling governor to "ondemand"...
         Starting LSB: automatic crash report generation...
         Starting LSB: VirtualBox Linux Additions...
         Starting Permit User Sessions...
[[0;32m  OK  [0m] Started Pollinate to seed the pseudo random number generator.
[[0;32m  OK  [0m] Started Permit User Sessions.
[[0;32m  OK  [0m] Started Authenticate and Authorize Users to Run Privileged Tasks.
[[0;32m  OK  [0m] Started Accounts Service.
         Starting Hold until boot process finishes up...
         Starting Terminate Plymouth Boot Screen...
         Starting OpenBSD Secure Shell server...
[[0;32m  OK  [0m] Started OpenBSD Secure Shell server.
[[0;32m  OK  [0m] Started LSB: daemon to balance interrupts for SMP systems.
[[0;32m  OK  [0m] Started LSB: Set the CPU Frequency Scaling governor to "ondemand".
[[0;32m  OK  [0m] Started LSB: automatic crash report generation.
[[0;32m  OK  [0m] Started LSB: VirtualBox Linux Additions.
[[0;32m  OK  [0m] Started Hold until boot process finishes up.
[[0;32m  OK  [0m] Started Terminate Plymouth Boot Screen.
[[0;32m  OK  [0m] Started Serial Getty on ttyS0.
[   30.534859] cloud-init[1082]:   en_US.UTF-8... done
[[0;32m  OK  [0m] Started Getty on tty1.
[[   30.569119] cloud-init[1082]: Generation complete.
[0;32m  OK  [0m] Reached target Login Prompts.
         Starting Set console scheme...
[[0;32m  OK  [0m] Reached target Multi-User System.
[[0;32m  OK  [0m] Reached target Graphical Interface.
         Starting Update UTMP about System Runlevel Changes...
[[0;32m  OK  [0m] Started Set console scheme.
[[0;32m  OK  [0m] Started Update UTMP about System Runlevel Changes.
[   30.904689] cloud-init[1082]: Cloud-init v. 17.2 running 'modules:config' at Fri, 31 May 2019 19:26:51 +0000. Up 29.35 seconds.
[[0;32m  OK  [0m] Started Apply the settings specified in cloud-config.
         Starting Execute cloud user/final scripts...
ci-info: no authorized ssh keys fingerprints found for user ubuntu.
<14>May 31 19:26:53 ec2: 
<14>May 31 19:26:53 ec2: #############################################################
<14>May 31 19:26:53 ec2: -----BEGIN SSH HOST KEY FINGERPRINTS-----
<14>May 31 19:26:53 ec2: 1024 SHA256:Y6MOZrKzFOaKac2cMUPlD/xKTEimrCX84TUkvl9n9IA root@ubuntu-xenial (DSA)
<14>May 31 19:26:53 ec2: 256 SHA256:CVoHVsgl2o/19+vGe1rEBBf/rz7GTWLCYPxCWlIXRTw root@ubuntu-xenial (ECDSA)
<14>May 31 19:26:53 ec2: 256 SHA256:45mWzgcp5smDK6oh2988oYlgOuauIWjw+ioSxsaSrAI root@ubuntu-xenial (ED25519)
<14>May 31 19:26:53 ec2: 2048 SHA256:VEVuBZeVbEG5iwAW3WTSlP3lpugyhQG/1qyqlprO8PI root@ubuntu-xenial (RSA)
<14>May 31 19:26:53 ec2: -----END SSH HOST KEY FINGERPRINTS-----
<14>May 31 19:26:53 ec2: #############################################################
-----BEGIN SSH HOST KEY KEYS-----
ecdsa-sha2-nistp256 AAAAE2VjZHNhLXNoYTItbmlzdHAyNTYAAAAIbmlzdHAyNTYAAABBBKsnnsFyXVEfzk1j1WeBiAV8WSqQP8Jkzhg/IX4aSFncDW2sEGtyb0vl0m3wo6yG4wLZ/fNfd31CkgqGNmFytEY= root@ubuntu-xenial
ssh-ed25519 AAAAC3NzaC1lZDI1NTE5AAAAIP8hEfebBNtUpCYj8n+/t2hcgMS0OPA+sRs7MaGaxl3N root@ubuntu-xenial
ssh-rsa AAAAB3NzaC1yc2EAAAADAQABAAABAQCoYF0CAcybMYk1Lv7LqqjujLdHa4XlqHb1xgcLosEqHjdEDcvAwQR8ks0BI6b/tkX15+itdwu1KAvZx5tY8NYWAME0GSP8nE/q/XHAS2NvJxsBvpNr89NexFWDwidtJdmYQwq/SHgoTS4fjgd+tthFbVglcM+h2lUkYUrMflYjtWAzoawHloEw1dRdrtVa37TEaR/D9C2OMAWlcmfGLc+7HKd6R+txGAp8cdwchUW3lBr7r6ExLo28/gPDGyFh9slCpPezHh5bxcEn+LQFdmHq1lmsmFD6KeKwHrJW/xg6XrpqDz7CIuI22Dvphj89+ENLD3ttJFZYYVWToW2yJyUd root@ubuntu-xenial
-----END SSH HOST KEY KEYS-----
[   31.894193] cloud-init[1336]: Cloud-init v. 17.2 running 'modules:final' at Fri, 31 May 2019 19:26:53 +0000. Up 31.34 seconds.
[   31.940823] cloud-init[1336]: ci-info: no authorized ssh keys fingerprints found for user ubuntu.
[[0;32m  OK  [0m[   31.965615] ] cloud-initStarted Execute cloud user/final scripts.[1336]: 
Cloud-init v. 17.2 finished at Fri, 31 May 2019 19:26:53 +0000. Datasource DataSourceNoCloud [seed=/dev/sdb][dsmode=net].  Up 31.88 seconds
[[0;32m  OK  [0m] Reached target Cloud-init target.

Ubuntu 16.04.4 LTS ubuntu-xenial ttyS0

ubuntu-xenial login: 