[    0.000000] Initializing cgroup subsys cpuset
[    0.000000] Initializing cgroup subsys cpu
[    0.000000] Initializing cgroup subsys cpuacct
[    0.000000] Linux version 4.4.0-145-generic (buildd@lcy01-amd64-027) (gcc version 5.4.0 20160609 (Ubuntu 5.4.0-6ubuntu1~16.04.10) ) #171-Ubuntu SMP Tue Mar 26 12:43:40 UTC 2019 (Ubuntu 4.4.0-145.171-generic 4.4.176)
[    0.000000] Command line: BOOT_IMAGE=/boot/vmlinuz-4.4.0-145-generic root=LABEL=cloudimg-rootfs ro console=tty1 console=ttyS0
[    0.000000] KERNEL supported cpus:
[    0.000000]   Intel GenuineIntel
[    0.000000]   AMD AuthenticAMD
[    0.000000]   Centaur CentaurHauls
[    0.000000] x86/fpu: xstate_offset[2]:  576, xstate_sizes[2]:  256
[    0.000000] x86/fpu: Supporting XSAVE feature 0x01: 'x87 floating point registers'
[    0.000000] x86/fpu: Supporting XSAVE feature 0x02: 'SSE registers'
[    0.000000] x86/fpu: Supporting XSAVE feature 0x04: 'AVX registers'
[    0.000000] x86/fpu: Enabled xstate features 0x7, context size is 832 bytes, using 'standard' format.
[    0.000000] e820: BIOS-provided physical RAM map:
[    0.000000] BIOS-e820: [mem 0x0000000000000000-0x000000000009fbff] usable
[    0.000000] BIOS-e820: [mem 0x000000000009fc00-0x000000000009ffff] reserved
[    0.000000] BIOS-e820: [mem 0x00000000000f0000-0x00000000000fffff] reserved
[    0.000000] BIOS-e820: [mem 0x0000000000100000-0x000000007ffeffff] usable
[    0.000000] BIOS-e820: [mem 0x000000007fff0000-0x000000007fffffff] ACPI data
[    0.000000] BIOS-e820: [mem 0x00000000fec00000-0x00000000fec00fff] reserved
[    0.000000] BIOS-e820: [mem 0x00000000fee00000-0x00000000fee00fff] reserved
[    0.000000] BIOS-e820: [mem 0x00000000fffc0000-0x00000000ffffffff] reserved
[    0.000000] NX (Execute Disable) protection: active
[    0.000000] SMBIOS 2.5 present.
[    0.000000] Hypervisor detected: KVM
[    0.000000] e820: last_pfn = 0x7fff0 max_arch_pfn = 0x400000000
[    0.000000] MTRR: Disabled
[    0.000000] x86/PAT: MTRRs disabled, skipping PAT initialization too.
[    0.000000] CPU MTRRs all blank - virtualized system.
[    0.000000] x86/PAT: Configuration [0-7]: WB  WT  UC- UC  WB  WT  UC- UC  
[    0.000000] found SMP MP-table at [mem 0x0009fff0-0x0009ffff] mapped at [ffff88000009fff0]
[    0.000000] Scanning 1 areas for low memory corruption
[    0.000000] RAMDISK: [mem 0x362f8000-0x37173fff]
[    0.000000] ACPI: Early table checksum verification disabled
[    0.000000] ACPI: RSDP 0x00000000000E0000 000024 (v02 VBOX  )
[    0.000000] ACPI: XSDT 0x000000007FFF0030 00003C (v01 VBOX   VBOXXSDT 00000001 ASL  00000061)
[    0.000000] ACPI: FACP 0x000000007FFF00F0 0000F4 (v04 VBOX   VBOXFACP 00000001 ASL  00000061)
[    0.000000] ACPI: DSDT 0x000000007FFF0470 0022EA (v02 VBOX   VBOXBIOS 00000002 INTL 20100528)
[    0.000000] ACPI: FACS 0x000000007FFF0200 000040
[    0.000000] ACPI: FACS 0x000000007FFF0200 000040
[    0.000000] ACPI: APIC 0x000000007FFF0240 00005C (v02 VBOX   VBOXAPIC 00000001 ASL  00000061)
[    0.000000] ACPI: SSDT 0x000000007FFF02A0 0001CC (v01 VBOX   VBOXCPUT 00000002 INTL 20100528)
[    0.000000] No NUMA configuration found
[    0.000000] Faking a node at [mem 0x0000000000000000-0x000000007ffeffff]
[    0.000000] NODE_DATA(0) allocated [mem 0x7ffeb000-0x7ffeffff]
[    0.000000] kvm-clock: Using msrs 4b564d01 and 4b564d00
[    0.000000] kvm-clock: cpu 0, msr 0:7ffe3001, primary cpu clock
[    0.000000] kvm-clock: using sched offset of 5680227216 cycles
[    0.000000] clocksource: kvm-clock: mask: 0xffffffffffffffff max_cycles: 0x1cd42e4dffb, max_idle_ns: 881590591483 ns
[    0.000000] Zone ranges:
[    0.000000]   DMA      [mem 0x0000000000001000-0x0000000000ffffff]
[    0.000000]   DMA32    [mem 0x0000000001000000-0x000000007ffeffff]
[    0.000000]   Normal   empty
[    0.000000]   Device   empty
[    0.000000] Movable zone start for each node
[    0.000000] Early memory node ranges
[    0.000000]   node   0: [mem 0x0000000000001000-0x000000000009efff]
[    0.000000]   node   0: [mem 0x0000000000100000-0x000000007ffeffff]
[    0.000000] Initmem setup node 0 [mem 0x0000000000001000-0x000000007ffeffff]
[    0.000000] ACPI: PM-Timer IO Port: 0x4008
[    0.000000] IOAPIC[0]: apic_id 2, version 32, address 0xfec00000, GSI 0-23
[    0.000000] ACPI: INT_SRC_OVR (bus 0 bus_irq 0 global_irq 2 dfl dfl)
[    0.000000] ACPI: INT_SRC_OVR (bus 0 bus_irq 9 global_irq 9 low level)
[    0.000000] Using ACPI (MADT) for SMP configuration information
[    0.000000] smpboot: Allowing 2 CPUs, 0 hotplug CPUs
[    0.000000] PM: Registered nosave memory: [mem 0x00000000-0x00000fff]
[    0.000000] PM: Registered nosave memory: [mem 0x0009f000-0x0009ffff]
[    0.000000] PM: Registered nosave memory: [mem 0x000a0000-0x000effff]
[    0.000000] PM: Registered nosave memory: [mem 0x000f0000-0x000fffff]
[    0.000000] e820: [mem 0x80000000-0xfebfffff] available for PCI devices
[    0.000000] Booting paravirtualized kernel on KVM
[    0.000000] clocksource: refined-jiffies: mask: 0xffffffff max_cycles: 0xffffffff, max_idle_ns: 7645519600211568 ns
[    0.000000] setup_percpu: NR_CPUS:512 nr_cpumask_bits:512 nr_cpu_ids:2 nr_node_ids:1
[    0.000000] PERCPU: Embedded 34 pages/cpu @ffff88007fc00000 s99480 r8192 d31592 u1048576
[    0.000000] Built 1 zonelists in Node order, mobility grouping on.  Total pages: 515960
[    0.000000] Policy zone: DMA32
[    0.000000] Kernel command line: BOOT_IMAGE=/boot/vmlinuz-4.4.0-145-generic root=LABEL=cloudimg-rootfs ro console=tty1 console=ttyS0
[    0.000000] PID hash table entries: 4096 (order: 3, 32768 bytes)
[    0.000000] Memory: 2029920K/2096696K available (8608K kernel code, 1333K rwdata, 4008K rodata, 1484K init, 1284K bss, 66776K reserved, 0K cma-reserved)
[    0.000000] SLUB: HWalign=64, Order=0-3, MinObjects=0, CPUs=2, Nodes=1
[    0.000000] Kernel/User page tables isolation: enabled
[    0.000000] Hierarchical RCU implementation.
[    0.000000] 	Build-time adjustment of leaf fanout to 64.
[    0.000000] 	RCU restricting CPUs from NR_CPUS=512 to nr_cpu_ids=2.
[    0.000000] RCU: Adjusting geometry for rcu_fanout_leaf=64, nr_cpu_ids=2
[    0.000000] NR_IRQS:33024 nr_irqs:440 16
[    0.000000] Console: colour VGA+ 80x25
[    0.000000] console [tty1] enabled
[    0.000000] console [ttyS0] enabled
[    0.000000] tsc: Detected 2294.686 MHz processor
[    0.500134] Calibrating delay loop (skipped) preset value.. 4589.37 BogoMIPS (lpj=9178744)
[    0.504906] pid_max: default: 32768 minimum: 301
[    0.507603] ACPI: Core revision 20150930
[    0.514985] ACPI: 2 ACPI AML tables successfully acquired and loaded
[    0.518404] Security Framework initialized
[    0.520859] Yama: becoming mindful.
[    0.523030] AppArmor: AppArmor initialized
[    0.532064] Dentry cache hash table entries: 262144 (order: 9, 2097152 bytes)
[    0.537577] Inode-cache hash table entries: 131072 (order: 8, 1048576 bytes)
[    0.549372] Mount-cache hash table entries: 4096 (order: 3, 32768 bytes)
[    0.552782] Mountpoint-cache hash table entries: 4096 (order: 3, 32768 bytes)
[    0.556589] Initializing cgroup subsys io
[    0.558905] Initializing cgroup subsys memory
[    0.561307] Initializing cgroup subsys devices
[    0.563910] Initializing cgroup subsys freezer
[    0.566298] Initializing cgroup subsys net_cls
[    0.568796] Initializing cgroup subsys perf_event
[    0.571388] Initializing cgroup subsys net_prio
[    0.573900] Initializing cgroup subsys hugetlb
[    0.576233] Initializing cgroup subsys pids
[    0.579965] mce: CPU supports 0 MCE banks
[    0.582463] Last level iTLB entries: 4KB 1024, 2MB 1024, 4MB 1024
[    0.585461] Last level dTLB entries: 4KB 1024, 2MB 1024, 4MB 1024, 1GB 4
[    0.588599] Spectre V2 : Mitigation: Full generic retpoline
[    0.591503] Spectre V2 : Spectre v2 / SpectreRSB mitigation: Filling RSB on context switch
[    0.596085] Speculative Store Bypass: Vulnerable
[    0.606035] Freeing SMP alternatives memory: 36K
[    0.623006] ftrace: allocating 32283 entries in 127 pages
[    0.768271] smpboot: APIC(0) Converting physical 0 to logical package 0
[    0.771616] smpboot: Max logical packages: 1
[    0.774919] x2apic enabled
[    0.777642] Switched APIC routing to physical x2apic.
[    0.784173] ..TIMER: vector=0x30 apic1=0 pin1=2 apic2=-1 pin2=-1
[    0.894802] smpboot: CPU0: Intel(R) Core(TM) i5-4200U CPU @ 1.60GHz (family: 0x6, model: 0x45, stepping: 0x1)
[    0.900429] Performance Events: unsupported p6 CPU model 69 no PMU driver, software events only.
[    0.924679] KVM setup paravirtual spinlock
[    0.933922] x86: Booting SMP configuration:
[    0.936342] .... node  #0, CPUs:      #1
[    0.938499] kvm-clock: cpu 1, msr 0:7ffe3041, secondary cpu clock
[    0.941948] mce: CPU supports 0 MCE banks
[    0.945457] x86: Booted up 1 node, 2 CPUs
[    0.948512] smpboot: Total of 2 processors activated (9178.74 BogoMIPS)
[    0.952856] devtmpfs: initialized
[    0.970704] evm: security.selinux
[    0.972780] evm: security.SMACK64
[    0.974813] evm: security.SMACK64EXEC
[    0.977071] evm: security.SMACK64TRANSMUTE
[    0.979312] evm: security.SMACK64MMAP
[    0.981476] evm: security.ima
[    0.983307] evm: security.capability
[    0.985982] clocksource: jiffies: mask: 0xffffffff max_cycles: 0xffffffff, max_idle_ns: 7645041785100000 ns
[    0.991017] futex hash table entries: 512 (order: 3, 32768 bytes)
[    0.994281] pinctrl core: initialized pinctrl subsystem
[    0.997256] RTC time:  9:46:34, date: 06/13/19
[    1.000047] NET: Registered protocol family 16
[    1.011084] cpuidle: using governor ladder
[    1.023779] cpuidle: using governor menu
[    1.026002] PCCT header not found.
[    1.028403] ACPI: bus type PCI registered
[    1.030724] acpiphp: ACPI Hot Plug PCI Controller Driver version: 0.5
[    1.034249] PCI: Using configuration type 1 for base access
[    1.053062] ACPI: Added _OSI(Module Device)
[    1.055561] ACPI: Added _OSI(Processor Device)
[    1.058255] ACPI: Added _OSI(3.0 _SCP Extensions)
[    1.061045] ACPI: Added _OSI(Processor Aggregator Device)
[    1.066080] ACPI: Executed 1 blocks of module-level executable AML code
[    1.077231] ACPI: Interpreter enabled
[    1.079469] ACPI: (supports S0 S5)
[    1.081626] ACPI: Using IOAPIC for interrupt routing
[    1.084907] PCI: Using host bridge windows from ACPI; if necessary, use "pci=nocrs" and report a bug
[    1.101361] ACPI: PCI Root Bridge [PCI0] (domain 0000 [bus 00-ff])
[    1.104514] acpi PNP0A03:00: _OSC: OS supports [ASPM ClockPM Segments MSI]
[    1.109097] acpi PNP0A03:00: _OSC: not requesting OS control; OS requires [ExtendedConfig ASPM ClockPM MSI]
[    1.114353] acpi PNP0A03:00: fail to add MMCONFIG information, can't access extended PCI configuration space under this bridge.
[    1.120854] PCI host bridge to bus 0000:00
[    1.123131] pci_bus 0000:00: root bus resource [io  0x0000-0x0cf7 window]
[    1.126325] pci_bus 0000:00: root bus resource [io  0x0d00-0xffff window]
[    1.129736] pci_bus 0000:00: root bus resource [mem 0x000a0000-0x000bffff window]
[    1.134051] pci_bus 0000:00: root bus resource [mem 0x80000000-0xfdffffff window]
[    1.138381] pci_bus 0000:00: root bus resource [bus 00-ff]
[    1.145235] pci 0000:00:01.1: legacy IDE quirk: reg 0x10: [io  0x01f0-0x01f7]
[    1.148550] pci 0000:00:01.1: legacy IDE quirk: reg 0x14: [io  0x03f6]
[    1.151703] pci 0000:00:01.1: legacy IDE quirk: reg 0x18: [io  0x0170-0x0177]
[    1.155111] pci 0000:00:01.1: legacy IDE quirk: reg 0x1c: [io  0x0376]
[    1.192731] pci 0000:00:07.0: quirk: [io  0x4000-0x403f] claimed by PIIX4 ACPI
[    1.197050] pci 0000:00:07.0: quirk: [io  0x4100-0x410f] claimed by PIIX4 SMB
[    1.258033] ACPI: PCI Interrupt Link [LNKA] (IRQs 5 9 10 *11)
[    1.262938] ACPI: PCI Interrupt Link [LNKB] (IRQs 5 9 *10 11)
[    1.267209] ACPI: PCI Interrupt Link [LNKC] (IRQs 5 *9 10 11)
[    1.271393] ACPI: PCI Interrupt Link [LNKD] (IRQs 5 9 10 *11)
[    1.275502] ACPI: Enabled 2 GPEs in block 00 to 07
[    1.279025] vgaarb: setting as boot device: PCI:0000:00:02.0
[    1.281877] vgaarb: device added: PCI:0000:00:02.0,decodes=io+mem,owns=io+mem,locks=none
[    1.286290] vgaarb: loaded
[    1.288120] vgaarb: bridge control possible 0000:00:02.0
[    1.291360] SCSI subsystem initialized
[    1.293801] ACPI: bus type USB registered
[    1.296132] usbcore: registered new interface driver usbfs
[    1.298974] usbcore: registered new interface driver hub
[    1.301817] usbcore: registered new device driver usb
[    1.305107] PCI: Using ACPI for IRQ routing
[    1.308019] NetLabel: Initializing
[    1.310100] NetLabel:  domain hash size = 128
[    1.312628] NetLabel:  protocols = UNLABELED CIPSOv4
[    1.315314] NetLabel:  unlabeled traffic allowed by default
[    1.318569] amd_nb: Cannot enumerate AMD northbridges
[    1.321258] clocksource: Switched to clocksource kvm-clock
[    1.357368] AppArmor: AppArmor Filesystem Enabled
[    1.360519] pnp: PnP ACPI init
[    1.365396] pnp: PnP ACPI: found 3 devices
[    1.390465] clocksource: acpi_pm: mask: 0xffffff max_cycles: 0xffffff, max_idle_ns: 2085701024 ns
[    1.395978] NET: Registered protocol family 2
[    1.398865] TCP established hash table entries: 16384 (order: 5, 131072 bytes)
[    1.403185] TCP bind hash table entries: 16384 (order: 6, 262144 bytes)
[    1.406520] TCP: Hash tables configured (established 16384 bind 16384)
[    1.409768] UDP hash table entries: 1024 (order: 3, 32768 bytes)
[    1.412779] UDP-Lite hash table entries: 1024 (order: 3, 32768 bytes)
[    1.416036] NET: Registered protocol family 1
[    1.418444] pci 0000:00:00.0: Limiting direct PCI/PCI transfers
[    1.421528] pci 0000:00:01.0: Activating ISA DMA hang workarounds
[    1.424842] Unpacking initramfs...
[    2.146808] Freeing initrd memory: 14832K
[    2.149473] RAPL PMU detected, API unit is 2^-32 Joules, 4 fixed counters 10737418240 ms ovfl timer
[    2.154392] hw unit of domain pp0-core 2^-0 Joules
[    2.157011] hw unit of domain package 2^-0 Joules
[    2.159707] hw unit of domain dram 2^-0 Joules
[    2.162182] hw unit of domain pp1-gpu 2^-0 Joules
[    2.164842] platform rtc_cmos: registered platform RTC device (no PNP device found)
[    2.169325] Scanning for low memory corruption every 60 seconds
[    2.173403] audit: initializing netlink subsys (disabled)
[    2.176246] audit: type=2000 audit(1560419202.586:1): initialized
[    2.179919] Initialise system trusted keyring
[    2.182716] HugeTLB registered 2 MB page size, pre-allocated 0 pages
[    2.190130] zbud: loaded
[    2.192757] VFS: Disk quotas dquot_6.6.0
[    2.195095] VFS: Dquot-cache hash table entries: 512 (order 0, 4096 bytes)
[    2.199126] squashfs: version 4.0 (2009/01/31) Phillip Lougher
[    2.202962] fuse init (API version 7.23)
[    2.205691] Key type big_key registered
[    2.207939] Allocating IMA MOK and blacklist keyrings.
[    2.212983] Key type asymmetric registered
[    2.215407] Asymmetric key parser 'x509' registered
[    2.218114] Block layer SCSI generic (bsg) driver version 0.4 loaded (major 249)
[    2.222567] io scheduler noop registered
[    2.224777] io scheduler deadline registered (default)
[    2.227575] io scheduler cfq registered
[    2.230129] pci_hotplug: PCI Hot Plug PCI Core version: 0.5
[    2.232953] pciehp: PCI Express Hot Plug Controller Driver version: 0.4
[    2.236507] ACPI: AC Adapter [AC] (on-line)
[    2.239124] input: Power Button as /devices/LNXSYSTM:00/LNXPWRBN:00/input/input0
[    2.243590] ACPI: Power Button [PWRF]
[    2.246065] input: Sleep Button as /devices/LNXSYSTM:00/LNXSLPBN:00/input/input1
[    2.250433] ACPI: Sleep Button [SLPF]
[    2.253033] GHES: HEST is not enabled!
[    2.255178] ACPI: Battery Slot [BAT0] (battery present)
[    2.258407] Serial: 8250/16550 driver, 32 ports, IRQ sharing enabled
 	
 !"#$%&'()*+,-./0123456789:;<=>?@ABCDEFGHIJKLMNOPQRSTUVWXYZ[\]^_`abcdefghijklmnopqrstuvwxyz{|}~ÄÅÇÉÑÖÜáàâäãåçéèêëíìîïñóòôöõúùûü†°¢£§•¶ß®©™´¨≠ÆØ∞±≤≥¥µ∂∑∏π∫ªºΩæø¿¡¬√ƒ≈∆«»… ÀÃÕŒœ–—“”‘’÷◊ÿŸ⁄€‹›ﬁﬂ‡·‚„‰ÂÊÁËÈÍÎÏÌÓÔÒÚÛÙıˆ˜¯˘˙˚¸˝˛ˇ[    2.286453] 00:02: ttyS0 at I/O 0x3f8 (irq = 4, base_baud = 115200) is a 16550A
[    2.295804] Linux agpgart interface v0.103
[    2.307724] loop: module loaded
[    2.311246] scsi host0: ata_piix
[    2.313569] scsi host1: ata_piix
[    2.315923] ata1: PATA max UDMA/33 cmd 0x1f0 ctl 0x3f6 bmdma 0xd000 irq 14
[    2.319433] ata2: PATA max UDMA/33 cmd 0x170 ctl 0x376 bmdma 0xd008 irq 15
[    2.323067] libphy: Fixed MDIO Bus: probed
[    2.325543] tun: Universal TUN/TAP device driver, 1.6
[    2.328347] tun: (C) 1999-2004 Max Krasnyansky <maxk@qualcomm.com>
[    2.331635] PPP generic driver version 2.4.2
[    2.334230] ehci_hcd: USB 2.0 'Enhanced' Host Controller (EHCI) Driver
[    2.337414] ehci-pci: EHCI PCI platform driver
[    2.339911] ehci-platform: EHCI generic platform driver
[    2.342656] ohci_hcd: USB 1.1 'Open' Host Controller (OHCI) Driver
[    2.345771] ohci-pci: OHCI PCI platform driver
[    2.348230] ohci-platform: OHCI generic platform driver
[    2.351041] uhci_hcd: USB Universal Host Controller Interface driver
[    2.354403] i8042: PNP: PS/2 Controller [PNP0303:PS2K,PNP0f03:PS2M] at 0x60,0x64 irq 1,12
[    2.360001] serio: i8042 KBD port at 0x60,0x64 irq 1
[    2.362725] serio: i8042 AUX port at 0x60,0x64 irq 12
[    2.365867] mousedev: PS/2 mouse device common for all mice
[    2.369635] input: AT Translated Set 2 keyboard as /devices/platform/i8042/serio0/input/input2
[    2.374849] rtc_cmos rtc_cmos: rtc core: registered rtc_cmos as rtc0
[    2.378247] rtc_cmos rtc_cmos: alarms up to one day, 114 bytes nvram
[    2.381466] i2c /dev entries driver
[    2.383688] device-mapper: uevent: version 1.0.3
[    2.386385] device-mapper: ioctl: 4.34.0-ioctl (2015-10-28) initialised: dm-devel@redhat.com
[    2.390998] ledtrig-cpu: registered to indicate activity on CPUs
[    2.395262] NET: Registered protocol family 10
[    2.398226] NET: Registered protocol family 17
[    2.400932] Key type dns_resolver registered
[    2.404113] registered taskstats version 1
[    2.406506] Loading compiled-in X.509 certificates
[    2.410499] Loaded X.509 cert 'Build time autogenerated kernel key: 766cb56454e39ea623681e1efb4bf4db48a2396c'
[    2.415743] zswap: loaded using pool lzo/zbud
[    2.422233] Key type trusted registered
[    2.431870] Key type encrypted registered
[    2.434352] AppArmor: AppArmor sha1 policy hashing enabled
[    2.437235] ima: No TPM chip found, activating TPM-bypass!
[    2.440048] ima: Allocated hash algorithm: sha1
[    2.442741] evm: HMAC attrs: 0x1
[    2.445397]   Magic number: 7:166:778
[    2.447773] rtc_cmos rtc_cmos: setting system clock to 2019-06-13 09:46:36 UTC (1560419196)
[    2.452840] BIOS EDD facility v0.16 2004-Jun-25, 0 devices found
[    2.455884] EDD information not available.
[    2.486879] Freeing unused kernel memory: 1484K
[    2.489345] Write protecting the kernel read-only data: 14336k
[    2.493664] Freeing unused kernel memory: 1620K
[    2.496688] Freeing unused kernel memory: 88K
Loading, please wait...
starting version 229
[    2.525909] random: systemd-udevd: uninitialized urandom read (16 bytes read, 3 bits of entropy available)
[    2.527357] random: udevadm: uninitialized urandom read (16 bytes read, 3 bits of entropy available)
[    2.527395] random: udevadm: uninitialized urandom read (16 bytes read, 3 bits of entropy available)
[    2.545743] random: systemd-udevd: uninitialized urandom read (16 bytes read, 3 bits of entropy available)
[    2.553343] random: systemd-udevd: uninitialized urandom read (16 bytes read, 3 bits of entropy available)
[    2.555221] random: udevadm: uninitialized urandom read (16 bytes read, 3 bits of entropy available)
[    2.555368] random: udevadm: uninitialized urandom read (16 bytes read, 3 bits of entropy available)
[    2.555828] random: udevadm: uninitialized urandom read (16 bytes read, 3 bits of entropy available)
[    2.555999] random: udevadm: uninitialized urandom read (16 bytes read, 3 bits of entropy available)
[    2.556162] random: udevadm: uninitialized urandom read (16 bytes read, 3 bits of entropy available)
[    2.714625] e1000: Intel(R) PRO/1000 Network Driver - version 7.3.21-k8-NAPI
[    2.718936] e1000: Copyright (c) 1999-2006 Intel Corporation.
[    2.734189] Fusion MPT base driver 3.04.20
[    2.736965] Copyright (c) 1999-2008 LSI Corporation
[    2.773509] Fusion MPT SPI Host driver 3.04.20
[    2.776856] AVX2 version of gcm_enc/dec engaged.
[    2.779908] AES CTR mode by8 optimization enabled
[    2.951263] input: ImExPS/2 Generic Explorer Mouse as /devices/platform/i8042/serio1/input/input4
[    3.166565] tsc: Refined TSC clocksource calibration: 2294.331 MHz
[    3.169826] clocksource: tsc: mask: 0xffffffffffffffff max_cycles: 0x211249e6ddb, max_idle_ns: 440795220431 ns
[    3.246253] e1000 0000:00:03.0 eth0: (PCI:33MHz:32-bit) 02:de:b6:9b:11:d9
[    3.249596] e1000 0000:00:03.0 eth0: Intel(R) PRO/1000 Network Connection
[    3.722834] e1000 0000:00:08.0 eth1: (PCI:33MHz:32-bit) 08:00:27:47:0d:8b
[    3.727107] e1000 0000:00:08.0 eth1: Intel(R) PRO/1000 Network Connection
[    3.733571] e1000 0000:00:03.0 enp0s3: renamed from eth0
[    3.733597] mptbase: ioc0: Initiating bringup
[    3.759667] e1000 0000:00:08.0 enp0s8: renamed from eth1
[    3.798449] ioc0: LSI53C1030 A0: Capabilities={Initiator}
[    3.965412] scsi host2: ioc0: LSI53C1030 A0, FwRev=00000000h, Ports=1, MaxQ=256, IRQ=20
[    4.082513] scsi 2:0:0:0: Direct-Access     VBOX     HARDDISK         1.0  PQ: 0 ANSI: 5
[    4.087052] scsi target2:0:0: Beginning Domain Validation
[    4.092618] scsi target2:0:0: Domain Validation skipping write tests
[    4.129253] scsi target2:0:0: Ending Domain Validation
[    4.132142] scsi target2:0:0: asynchronous
[    4.135539] scsi 2:0:1:0: Direct-Access     VBOX     HARDDISK         1.0  PQ: 0 ANSI: 5
[    4.140095] scsi target2:0:1: Beginning Domain Validation
[    4.145435] scsi target2:0:1: Domain Validation skipping write tests
[    4.148538] scsi target2:0:1: Ending Domain Validation
[    4.151379] scsi target2:0:1: asynchronous
[    4.164339] sd 2:0:0:0: [sda] 20971520 512-byte logical blocks: (10.7 GB/10.0 GiB)
[    4.169229] sd 2:0:0:0: Attached scsi generic sg0 type 0
[    4.172177] sd 2:0:0:0: [sda] Write Protect is off
[    4.175168] sd 2:0:0:0: [sda] Incomplete mode parameter data
[    4.178462] sd 2:0:0:0: [sda] Assuming drive cache: write through
[    4.178917] sd 2:0:1:0: [sdb] 20480 512-byte logical blocks: (10.5 MB/10.0 MiB)
[    4.179266] sd 2:0:1:0: Attached scsi generic sg1 type 0
[    4.179496] sd 2:0:1:0: [sdb] Write Protect is off
[    4.179762] sd 2:0:1:0: [sdb] Incomplete mode parameter data
[    4.179767] sd 2:0:1:0: [sdb] Assuming drive cache: write through
[    4.217429]  sda: sda1
[    4.219289] sd 2:0:1:0: [sdb] Attached SCSI disk
[    4.223674] sd 2:0:0:0: [sda] Attached SCSI disk
Begin: Loading essential drivers ... [    6.557669] md: linear personality registered for level -1
[    6.565651] md: multipath personality registered for level -4
[    6.573376] md: raid0 personality registered for level 0
[    6.583073] md: raid1 personality registered for level 1
[    6.661473] raid6: sse2x1   gen()  2077 MB/s
[    6.729834] raid6: sse2x1   xor()  1355 MB/s
[    6.798169] raid6: sse2x2   gen()  3583 MB/s
[    6.865548] raid6: sse2x2   xor()  2337 MB/s
[    6.933896] raid6: sse2x4   gen()  5379 MB/s
[    7.001282] raid6: sse2x4   xor()  3060 MB/s
[    7.069580] raid6: avx2x1   gen()  4319 MB/s
[    7.137926] raid6: avx2x2   gen()  8185 MB/s
[    7.205337] raid6: avx2x4   gen() 10284 MB/s
[    7.207838] raid6: using algorithm avx2x4 gen() 10284 MB/s
[    7.210742] raid6: using avx2x2 recovery algorithm
[    7.215308] xor: automatically using best checksumming function:
[    7.257999]    avx       : 12551.000 MB/sec
[    7.263197] async_tx: api initialized (async)
[    7.287502] md: raid6 personality registered for level 6
[    7.290328] md: raid5 personality registered for level 5
[    7.292955] md: raid4 personality registered for level 4
[    7.308331] md: raid10 personality registered for level 10
done.
Begin: Running /scripts/init-premount ... done.
Begin: Mounting root file system ... Begin: Running /scripts/local-top ... done.
Begin: Running /scripts/local-premount ... [    7.404296] Btrfs loaded
Scanning for Btrfs filesystems
done.
Warning: fsck not present, so skipping root file system
[    7.589563] EXT4-fs (sda1): mounted filesystem with ordered data mode. Opts: (null)
done.
Begin: Running /scripts/local-bottom ... done.
Begin: Running /scripts/init-bottom ... done.
[    8.550230] systemd[1]: systemd 229 running in system mode. (+PAM +AUDIT +SELINUX +IMA +APPARMOR +SMACK +SYSVINIT +UTMP +LIBCRYPTSETUP +GCRYPT +GNUTLS +ACL +XZ -LZ4 +SECCOMP +BLKID +ELFUTILS +KMOD -IDN)
[    8.562549] systemd[1]: Detected virtualization oracle.
[    8.566099] systemd[1]: Detected architecture x86-64.

Welcome to [1mUbuntu 16.04.6 LTS[0m!

[    8.627525] systemd[1]: Set hostname to <ubuntu>.
[    8.670468] random: nonblocking pool is initialized
[    8.673898] systemd[1]: Initializing machine ID from random generator.
[    8.677140] systemd[1]: Installed transient /etc/machine-id file.
[   10.796632] systemd[1]: Started Trigger resolvconf update for networkd DNS.
[[0;32m  OK  [0m] Started Trigger resolvconf update for networkd DNS.
[   10.802643] systemd[1]: Listening on udev Kernel Socket.
[[0;32m  OK  [0m] Listening on udev Kernel Socket.
[   10.808843] systemd[1]: Created slice User and Session Slice.
[[0;32m  OK  [0m] Created slice User and Session Slice.
[   10.815219] systemd[1]: Listening on Journal Socket.
[[0;32m  OK  [0m] Listening on Journal Socket.
[   10.821379] systemd[1]: Started Forward Password Requests to Wall Directory Watch.
[[0;32m  OK  [0m] Started Forward Password Requests to Wall Directory Watch.
[   10.829240] systemd[1]: Reached target System Time Synchronized.
[[0;32m  OK  [0m] Reached target System Time Synchronized.
[   10.835492] systemd[1]: Listening on Device-mapper event daemon FIFOs.
[[0;32m  OK  [0m] Listening on Device-mapper event daemon FIFOs.
[   10.842381] systemd[1]: Listening on Journal Audit Socket.
[[0;32m  OK  [0m] Listening on Journal Audit Socket.
[   10.852147] systemd[1]: Listening on Syslog Socket.
[[0;32m  OK  [0m] Listening on Syslog Socket.
[   10.857649] systemd[1]: Listening on LVM2 poll daemon socket.
[[0;32m  OK  [0m] Listening on LVM2 poll daemon socket.
[   10.864216] systemd[1]: Reached target Encrypted Volumes.
[[0;32m  OK  [0m] Reached target Encrypted Volumes.
[   10.869409] systemd[1]: Set up automount Arbitrary Executable File Formats File System Automount Point.
[[0;32m  OK  [0m] Set up automount Arbitrary Executab...ats File System Automount Point.
[   10.877158] systemd[1]: Listening on LVM2 metadata daemon socket.
[[0;32m  OK  [0m] Listening on LVM2 metadata daemon socket.
[   10.890981] systemd[1]: Created slice System Slice.
[[0;32m  OK  [0m] Created slice System Slice.
[   10.909900] systemd[1]: Mounting Huge Pages File System...
         Mounting Huge Pages File System...
[   10.916670] systemd[1]: Starting Remount Root and Kernel File Systems...
         Starting Remount Root and Kernel File Systems...
[   10.923676] systemd[1]: Starting Create list of required static device nodes for the current kernel...
         Starting Create list of required st... nodes for the current kernel...
[   11.023734] EXT4-fs (sda1): re-mounted. Opts: (null)
[   11.257892] systemd[1]: Starting Load Kernel Modules...
         Starting Load Kernel Modules...
[   11.265408] systemd[1]: Starting Nameserver information manager...
         Starting Nameserver information manager...
[   11.272212] systemd[1]: Starting Uncomplicated firewall...
         Starting Uncomplicated firewall...
[   11.278565] systemd[1]: Mounting POSIX Message Queue File System...
         Mounting POSIX Message Queue File System...
[   11.286545] systemd[1]: Mounting Debug File System...
         Mounting Debug File System...
[   11.291541] systemd[1]: Reached target User and Group Name Lookups.
[[0;32m  OK  [0m] Reached target User and Group Name Lookups.
[   11.386286] systemd[1]: Starting Monitoring of LVM2 mirrors, snapshots etc. using dmeventd or progress polling...
         Starting Monitoring of LVM2 mirrors... dmeventd or progress polling...
[   11.396617] systemd[1]: Starting Set console keymap...
         Starting Set console keymap...
[   11.402277] systemd[1]: Listening on Journal Socket (/dev/log).
[[0;32m  OK  [0m] Listening on Journal Socket (/dev/log).
[   11.409643] systemd[1]: Starting Journal Service...
         Starting Journal Service...
[   11.414055] systemd[1]: Listening on udev Control Socket.
[[0;32m  OK  [0m] Listening on udev Control Socket.
[   11.419264] systemd[1]: Created slice system-serial\x2dgetty.slice.
[[0;32m  OK  [0m] Created slice system-serial\x2dgetty.slice.
[   11.424577] systemd[1]: Reached target Slices.
[[0;32m  OK  [0m] Reached target Slices.
[   11.428626] systemd[1]: Reached target Swap.
[[0;32m  OK  [0m] Reached target Swap.
[   11.434089] systemd[1]: Listening on /dev/initctl Compatibility Named Pipe.
[[0;32m  OK  [0m] Listening on /dev/initctl Compatibility Named Pipe.
[   11.455711] systemd[1]: Mounted POSIX Message Queue File System.
[[0;32m  OK  [0m] Mounted POSIX Message Queue File System.
[   11.461554] systemd[1]: Mounted Debug File System.
[[0;32m  OK  [0m] Mounted Debug File System.
[   11.466593] systemd[1]: Mounted Huge Pages File System.
[[0;32m  OK  [0m] Mounted Huge Pages File System.
[   11.479814] systemd[1]: Started Remount Root and Kernel File Systems.
[[0;32m  OK  [0m] Started Remount Root and Kernel File Systems.
[   11.486508] systemd[1]: Started Create list of required static device nodes for the current kernel.
[[0;32m  OK  [0m] Started Create list of required sta...ce nodes for the current kernel.
[   11.507220] systemd[1]: Started Uncomplicated firewall.
[[0;32m  OK  [0m] Started Uncomplicated firewall.
[   11.581588] Loading iSCSI transport class v2.0-870.
[   11.590314] systemd[1]: Started Nameserver information manager.
[[0;32m  OK  [0m] Started Nameserver information manager.
[   11.649616] systemd[1]: Starting Create Static Device Nodes in /dev...
         Starting Create Static Device Nodes in /dev...
[   11.657244] systemd[1]: Starting Load/Save Random Seed...
         Starting Load/Save Random Seed...
[   11.718195] systemd[1]: Starting udev Coldplug all Devices...
         Starting udev Coldplug all Devices...
[   11.976868] systemd[1]: Started udev Coldplug all Devices.
[[0;32m  OK  [0m] Started udev Coldplug all Devices.
[   12.006067] systemd[1]: Started Set console keymap.
[[0;32m  OK  [0m] Started Set console keymap.
[   12.073012] iscsi: registered transport (tcp)
[   12.170227] systemd[1]: Started Journal Service.
[[0;32m  OK  [0m] Started Journal Service.
[[0;32m  OK  [0m] Started Load/Save Random Seed.
         Starting Flush Journal to Persistent Storage...
[[0;32m  OK  [0m] Started LVM2 metadata daemon.
[   12.492165] systemd-journald[395]: Received request to flush runtime journal from PID 1
[[0;32m  OK  [0m] Started Flush Journal to Persistent Storage.
[   12.539493] iscsi: registered transport (iser)
[[0;32m  OK  [0m] Started Load Kernel Modules.
         Starting Apply Kernel Variables...
         Mounting FUSE Control File System...
[[0;32m  OK  [0m] Started Create Static Device Nodes in /dev.
[[0;32m  OK  [0m] Mounted FUSE Control File System.
         Starting udev Kernel Device Manager...
[[0;32m  OK  [0m] Started Apply Kernel Variables.
[[0;32m  OK  [0m] Started Monitoring of LVM2 mirrors,...ng dmeventd or progress polling.
[[0;32m  OK  [0m] Reached target Local File Systems (Pre).
[[0;32m  OK  [0m] Reached target Local File Systems.
         Starting Tell Plymouth To Write Out Runtime Data...
         Starting Initial cloud-init job (pre-networking)...
         Starting Create Volatile Files and Directories...
         Starting LSB: AppArmor initialization...
         Starting Commit a transient machine-id on disk...
         Starting Set console font and keymap...
[[0;32m  OK  [0m] Started Tell Plymouth To Write Out Runtime Data.
[[0;32m  OK  [0m] Started Create Volatile Files and Directories.
[[0;32m  OK  [0m] Started Commit a transient machine-id on disk.
         Starting Update UTMP about System Boot/Shutdown...
[[0;32m  OK  [0m] Started udev Kernel Device Manager.
[[0;32m  OK  [0m] Started Dispatch Password Requests to Console Directory Watch.
[[0;32m  OK  [0m] Started Update UTMP about System Boot/Shutdown.
[[0;32m  OK  [0m] Found device /dev/ttyS0.
[[0;32m  OK  [0m] Listening on Load/Save RF Kill Switch Status /dev/rfkill Watch.
[[0;32m  OK  [0m] Started LSB: AppArmor initialization.
[[0;32m  OK  [0m] Started Set console font and keymap.
[[0;32m  OK  [0m] Created slice system-getty.slice.
[   22.334394] cloud-init[465]: Cloud-init v. 18.5-45-g3554ffe8-0ubuntu1~16.04.1 running 'init-local' at Thu, 13 Jun 2019 09:46:56 +0000. Up 21.32 seconds.
[[0;32m  OK  [0m] Started Initial cloud-init job (pre-networking).
[[0;32m  OK  [0m] Reached target Network (Pre).
         Starting Raise network interfaces...
[[0;32m  OK  [0m] Started Raise network interfaces.
         Starting Initial cloud-init job (metadata service crawler)...
[[0;32m  OK  [0m] Reached target Network.
[   25.830338] cloud-init[954]: Cloud-init v. 18.5-45-g3554ffe8-0ubuntu1~16.04.1 running 'init' at Thu, 13 Jun 2019 09:46:58 +0000. Up 23.72 seconds.
[   25.835326] cloud-init[954]: ci-info: ++++++++++++++++++++++++++++++++++++++Net device info+++++++++++++++++++++++++++++++++++++++
[   25.839615] cloud-init[954]: ci-info: +--------+-------+----------------------------+---------------+--------+-------------------+
[   25.843827] cloud-init[954]: ci-info: | Device |   Up  |          Address           |      Mask     | Scope  |     Hw-Address    |
[   25.847739] cloud-init[954]: ci-info: +--------+-------+----------------------------+---------------+--------+-------------------+
[   25.851900] cloud-init[954]: ci-info: | enp0s3 |  True |         10.0.2.15          | 255.255.255.0 | global | 02:de:b6:9b:11:d9 |
[   25.860819] cloud-init[954]: ci-info: | enp0s3 |  True | fe80::de:b6ff:fe9b:11d9/64 |       .       |  link  | 02:de:b6:9b:11:d9 |
[   25.864836] cloud-init[954]: ci-info: | enp0s8 | False |             .              |       .       |   .    | 08:00:27:47:0d:8b |
[   25.868989] cloud-init[954]: ci-info: |   lo   |  True |         127.0.0.1          |   255.0.0.0   |  host  |         .         |
[   25.873166] cloud-init[954]: ci-info: |   lo   |  True |          ::1/128           |       .       |  host  |         .         |
[   25.877257] cloud-init[954]: ci-info: +--------+-------+----------------------------+---------------+--------+-------------------+
[   25.881589] cloud-init[954]: ci-info: +++++++++++++++++++++++++++Route IPv4 info++++++++++++++++++++++++++++
[   25.885335] cloud-init[954]: ci-info: +-------+-------------+----------+---------------+-----------+-------+
[   25.889082] cloud-init[954]: ci-info: | Route | Destination | Gateway  |    Genmask    | Interface | Flags |
[   25.892933] cloud-init[954]: ci-info: +-------+-------------+----------+---------------+-----------+-------+
[   25.896782] cloud-init[954]: ci-info: |   0   |   0.0.0.0   | 10.0.2.2 |    0.0.0.0    |   enp0s3  |   UG  |
[   25.900540] cloud-init[954]: ci-info: |   1   |   10.0.2.0  | 0.0.0.0  | 255.255.255.0 |   enp0s3  |   U   |
[   25.904241] cloud-init[954]: ci-info: +-------+-------------+----------+---------------+-----------+-------+
[   25.907674] cloud-init[954]: ci-info: +++++++++++++++++++Route IPv6 info+++++++++++++++++++
[   25.911178] cloud-init[954]: ci-info: +-------+-------------+---------+-----------+-------+
[   25.914412] cloud-init[954]: ci-info: | Route | Destination | Gateway | Interface | Flags |
[   25.917552] cloud-init[954]: ci-info: +-------+-------------+---------+-----------+-------+
[   25.920805] cloud-init[954]: ci-info: |   0   |  fe80::/64  |    ::   |   enp0s3  |   U   |
[   25.924026] cloud-init[954]: ci-info: |   3   |   ff00::/8  |    ::   |   enp0s3  |   U   |
[   25.927117] cloud-init[954]: ci-info: +-------+-------------+---------+-----------+-------+
[   25.930061] cloud-init[954]: Generating public/private rsa key pair.
[   25.932559] cloud-init[954]: Your identification has been saved in /etc/ssh/ssh_host_rsa_key.
[   25.935990] cloud-init[954]: Your public key has been saved in /etc/ssh/ssh_host_rsa_key.pub.
[   25.944774] cloud-init[954]: The key fingerprint is:
[   25.946998] cloud-init[954]: SHA256:Zb8szVk5VY5pK7hblDk860VE5UpOBR3M25CjbkQNPak root@ubuntu-xenial
[   25.950373] cloud-init[954]: The key's randomart image is:
[   25.952853] cloud-init[954]: +---[RSA 2048]----+
[   25.954860] cloud-init[954]: |            .+=B=|
[   25.957149] cloud-init[954]: |            ..OOo|
[   25.959366] cloud-init[954]: |          o. oB+*|
[   25.961531] cloud-init[954]: |         o +EO *.|
[   25.963896] cloud-init[954]: |        S .oX O  |
[   25.966404] cloud-init[954]: |           *oX . |
[   25.968879] cloud-init[954]: |          o.O .  |
[   25.971333] cloud-init[954]: |           = .   |
[   25.973770] cloud-init[954]: |          . .    |
[   25.976052] cloud-init[954]: +----[SHA256]-----+
[   25.978360] cloud-init[954]: Generating public/private dsa key pair.
[   25.981016] cloud-init[954]: Your identification has been saved in /etc/ssh/ssh_host_dsa_key.
[   25.984262] cloud-init[954]: Your public key has been saved in /etc/ssh/ssh_host_dsa_key.pub.
[   25.987606] cloud-init[954]: The key fingerprint is:
[   25.990134] cloud-init[954]: SHA256:nwN7Rw+v5dUmmXtz0LP8FDcbGToYtZfFCH0L27pPlvU root@ubuntu-xenial
[   25.997471] cloud-init[954]: The key's randomart image is:
[   25.999852] cloud-init[954]: +---[DSA 1024]----+
[   26.002089] cloud-init[954]: |            .+ o.|
[   26.004167] cloud-init[954]: |            ..+ =|
[   26.006479] cloud-init[954]: |           . .+=.|
[   26.008739] cloud-init[954]: |            o.ooo|
[   26.010822] cloud-init[954]: |        S  .oo.*o|
[   26.013013] cloud-init[954]: |         + o =o+%|
[   26.015407] cloud-init[954]: |        . = . X*E|
[   26.017760] cloud-init[954]: |         . o =oXo|
[   26.019791] cloud-init[954]: |            . +o=|
[   26.022010] cloud-init[954]: +----[SHA256]-----+
[   26.024316] cloud-init[954]: Generating public/private ecdsa key pair.
[   26.026893] cloud-init[954]: Your identification has been saved in /etc/ssh/ssh_host_ecdsa_key.
[   26.030505] cloud-init[954]: Your public key has been saved in /etc/ssh/ssh_host_ecdsa_key.pub.
[   26.034009] cloud-init[954]: The key fingerprint is:
[   26.036561] cloud-init[954]: SHA256:QB0KkviUQsZ9BWTIMR2GXEo0IHgSWvBLH0lCFv02ZTs root@ubuntu-xenial
[   26.040205] cloud-init[954]: The key's randomart image is:
[   26.042824] cloud-init[954]: +---[ECDSA 256]---+
[   26.045303] cloud-init[954]: |BO&@XB=o..       |
[   26.047750] cloud-init[954]: |O=*XB* .+        |
[   26.050151] cloud-init[954]: |.*o.+.oo .       |
[   26.052611] cloud-init[954]: | ..o .+.E        |
[   26.055054] cloud-init[954]: |  . .. .S.       |
[   26.057485] cloud-init[954]: |                 |
[   26.059826] cloud-init[954]: |                 |
[   26.062169] cloud-init[954]: |                 |
[   26.064424] cloud-init[954]: |                 |
[   26.066523] cloud-init[954]: +----[SHA256]-----+
[   26.068528] cloud-init[954]: Generating public/private ed25519 key pair.
[[0;32m  OK  [0m] Started Initial cloud-init job (metadata service crawler).
[[0;32m  OK  [0m] Reached target System Initialization.
         Starting Socket activation for snappy daemon.
[[0;32m  OK  [0m] Started Daily apt download activities.
[   26.071204] cloud-init[954]: Your identification has been saved in /etc/ssh/ssh_host_ed25519_key.
[   26.081349] cloud-init[954]: Your public key has been saved in /etc/ssh/ssh_host_ed25519_key.pub.
[   26.084556] cloud-init[954]: The key fingerprint is:
[   26.086757] cloud-init[954]: SHA256:vPFlvfx+BbztAKYt4fclfThBAguhJcyHMroWh99KJVI root@ubuntu-xenial
[   26.089479] cloud-init[954]: The key's randomart image is:
[   26.091364] cloud-init[954]: +--[ED25519 256]--+
[   26.093095] cloud-init[954]: |     o..+...     |
[   26.094834] cloud-init[954]: |    E ++.. .. .  |
[   26.096854] cloud-init[954]: |   + o..  .  +   |
[   26.098857] cloud-init[954]: |  = o ..  . o.+  |
[   26.100753] cloud-init[954]: |   * +  S. =o..B |
[   26.102572] cloud-init[954]: |  o o .  ++oo.*.*|
[   26.104412] cloud-init[954]: | . . .  . .o .o*o|
[   26.106375] cloud-init[954]: |    .         ..o|
[   26.108392] cloud-init[954]: |               .+|
[   26.110280] cloud-init[954]: +----[SHA256]-----+
         Starting LXD - unix socket.
[[0;32m  OK  [0m] Started Daily Cleanup of Temporary Directories.
[[0;32m  OK  [0m] Listening on D-Bus System Message Bus Socket.
[[0;32m  OK  [0m] Listening on UUID daemon activation socket.
[[0;32m  OK  [0m] Started Daily apt upgrade and clean activities.
[[0;32m  OK  [0m] Reached target Timers.
[[0;32m  OK  [0m] Listening on ACPID Listen Socket.
[[0;32m  OK  [0m] Started ACPI Events Check.
[[0;32m  OK  [0m] Reached target Paths.
[[0;32m  OK  [0m] Reached target Cloud-config availability.
[[0;32m  OK  [0m] Reached target Network is Online.
         Starting iSCSI initiator daemon (iscsid)...
[[0;32m  OK  [0m] Listening on Socket activation for snappy daemon.
[[0;32m  OK  [0m] Listening on LXD - unix socket.
[[0;32m  OK  [0m] Reached target Sockets.
[[0;32m  OK  [0m] Reached target Basic System.
         Starting /etc/rc.local Compatibility...
         Starting LXD - container startup/shutdown...
         Starting Virtualbox guest utils...
         Starting System Logging Service...
[[0;32m  OK  [0m] Started Unattended Upgrades Shutdown.
[[0;32m  OK  [0m] Started Regular background program processing daemon.
         Starting LSB: Record successful boot for GRUB...
         Starting Accounts Service...
[[0;32m  OK  [0m] Started D-Bus System Message Bus.
         Starting LSB: MD monitoring daemon...
         Starting Pollinate to seed the pseudo random number generator...
[[0;32m  OK  [0m] Started ACPI event daemon.
[[0;32m  OK  [0m] Started Deferred execution scheduler.
         Starting Login Service...
[[0;32m  OK  [0m] Started FUSE filesystem for LXC.
         Starting Snappy daemon...
[[0;32m  OK  [0m] Started System Logging Service.
[[0;32m  OK  [0m] Started /etc/rc.local Compatibility.
[[0;32m  OK  [0m] Started Login Service.
[[0;32m  OK  [0m] Started iSCSI initiator daemon (iscsid).
         Starting Login to default iSCSI targets...
         Starting Authenticate and Authorize Users to Run Privileged Tasks...
[[0;32m  OK  [0m] Started LSB: Record successful boot for GRUB.
[[0;32m  OK  [0m] Started LSB: MD monitoring daemon.
[[0;32m  OK  [0m] Started Login to default iSCSI targets.
[[0;32m  OK  [0m] Reached target Remote File Systems (Pre).
[[0;32m  OK  [0m] Reached target Remote File Systems.
         Starting LSB: daemon to balance interrupts for SMP systems...
         Starting Permit User Sessions...
         Starting LSB: Set the CPU Frequency Scaling governor to "ondemand"...
         Starting LSB: automatic crash report generation...
[[0;32m  OK  [0m] Started LSB: Set the CPU Frequency Scaling governor to "ondemand".
[[0;32m  OK  [0m] Started Permit User Sessions.
         Starting Hold until boot process finishes up...
         Starting Terminate Plymouth Boot Screen...
[[0;32m  OK  [0m] Started Hold until boot process finishes up.
[[0;32m  OK  [0m] Started Terminate Plymouth Boot Screen.
[[0;32m  OK  [0m] Started Getty on tty1.
         Starting Set console scheme...
[[0;32m  OK  [0m] Started Serial Getty on ttyS0.
[[0;32m  OK  [0m] Reached target Login Prompts.
[[0;32m  OK  [0m] Started LSB: automatic crash report generation.
[[0;32m  OK  [0m] Started Set console scheme.
[[0;32m  OK  [0m] Started LSB: daemon to balance interrupts for SMP systems.
[[0;32m  OK  [0m] Started Virtualbox guest utils.
[[0;32m  OK  [0m] Started Authenticate and Authorize Users to Run Privileged Tasks.
[[0;32m  OK  [0m] Started Accounts Service.
[[0;32m  OK  [0m] Started LXD - container startup/shutdown.

Ubuntu 16.04.6 LTS ubuntu-xenial ttyS0

ubuntu-xenial login: [   42.973446] cloud-init[1349]: Generating locales (this might take a while)...
[   51.183639] cloud-init[1349]:   en_US.UTF-8... done
[   51.185408] cloud-init[1349]: Generation complete.
[   53.267250] cloud-init[1349]: Cloud-init v. 18.5-45-g3554ffe8-0ubuntu1~16.04.1 running 'modules:config' at Thu, 13 Jun 2019 09:47:17 +0000. Up 42.21 seconds.
ci-info: no authorized ssh keys fingerprints found for user ubuntu.
<14>Jun 13 09:47:29 ec2: 
<14>Jun 13 09:47:29 ec2: #############################################################
<14>Jun 13 09:47:29 ec2: -----BEGIN SSH HOST KEY FINGERPRINTS-----
<14>Jun 13 09:47:29 ec2: 1024 SHA256:nwN7Rw+v5dUmmXtz0LP8FDcbGToYtZfFCH0L27pPlvU root@ubuntu-xenial (DSA)
<14>Jun 13 09:47:29 ec2: 256 SHA256:QB0KkviUQsZ9BWTIMR2GXEo0IHgSWvBLH0lCFv02ZTs root@ubuntu-xenial (ECDSA)
<14>Jun 13 09:47:29 ec2: 256 SHA256:vPFlvfx+BbztAKYt4fclfThBAguhJcyHMroWh99KJVI root@ubuntu-xenial (ED25519)
<14>Jun 13 09:47:29 ec2: 2048 SHA256:Zb8szVk5VY5pK7hblDk860VE5UpOBR3M25CjbkQNPak root@ubuntu-xenial (RSA)
<14>Jun 13 09:47:29 ec2: -----END SSH HOST KEY FINGERPRINTS-----
<14>Jun 13 09:47:29 ec2: #############################################################
-----BEGIN SSH HOST KEY KEYS-----
ecdsa-sha2-nistp256 AAAAE2VjZHNhLXNoYTItbmlzdHAyNTYAAAAIbmlzdHAyNTYAAABBBIqRuO7rX0vBH66PmXGJ5lTiTIrOeIKBu87QLB1e2D2KbwqQQmdhNObOSa9subBoXmhRA9nngU5Dgq1HcoIRA/I= root@ubuntu-xenial
ssh-ed25519 AAAAC3NzaC1lZDI1NTE5AAAAIC35G4W9I1owgG9OTw7EyHYjuS8/1Y/nMd3GCpG7bm55 root@ubuntu-xenial
ssh-rsa AAAAB3NzaC1yc2EAAAADAQABAAABAQDEAET+m6mPH5b85Ywo9D+bSGBJptPpeBPhS/8tIqR8/YoAOliPdfq0mfv8UrGUvgJmXTOzd+mXV5AIpSPwjYfKq1UPDwjdwq0G8FEJK5abi6ZnrWugZRudimYht/6/Xor+dIHH5GUiG+SpYAR5O6f75OeZE3k+8L380FURMjFKLQK3b2lu0KuH+nB5r1m/HBw3tzUBu0Vo04Ey7bZpdT7fDrcKJNtA4rUcppEPCZjUUIvOH0qKKy5pKuzOIjuITqJTbeK06naLlHTRiMDzttXUcIKlZD0K0oENbK0V09DiTfS96lcvJmluSYplcbj26pqQzOfE7p6jCDq3Dyzmn/N3 root@ubuntu-xenial
-----END SSH HOST KEY KEYS-----
[   54.785294] cloud-init[1526]: Cloud-init v. 18.5-45-g3554ffe8-0ubuntu1~16.04.1 running 'modules:final' at Thu, 13 Jun 2019 09:47:28 +0000. Up 54.19 seconds.
[   54.785696] cloud-init[1526]: ci-info: no authorized ssh keys fingerprints found for user ubuntu.
[   54.786552] cloud-init[1526]: Cloud-init v. 18.5-45-g3554ffe8-0ubuntu1~16.04.1 finished at Thu, 13 Jun 2019 09:47:29 +0000. Datasource DataSourceNoCloud [seed=/dev/sdb][dsmode=net].  Up 54.76 seconds
